Wed Apr 16 04:20:59 +07 2025: Starting blockchain network

> @se-2/hardhat@0.0.1 chain
> hardhat node --network hardhat --no-deploy

Started HTTP and WebSocket JSON-RPC server at http://127.0.0.1:8545/

Accounts
========

WARNING: These accounts, and their private keys, are publicly known.
Any funds sent to them on Mainnet or any other live network WILL BE LOST.

Account #0: 0xf39Fd6e51aad88F6F4ce6aB8827279cffFb92266 (10000 ETH)
Private Key: 0xac0974bec39a17e36ba4a6b4d238ff944bacb478cbed5efcae784d7bf4f2ff80

Account #1: 0x70997970C51812dc3A010C7d01b50e0d17dc79C8 (10000 ETH)
Private Key: 0x59c6995e998f97a5a0044966f0945389dc9e86dae88c7a8412f4603b6b78690d

Account #2: 0x3C44CdDdB6a900fa2b585dd299e03d12FA4293BC (10000 ETH)
Private Key: 0x5de4111afa1a4b94908f83103eb1f1706367c2e68ca870fc3fb9a804cdab365a

Account #3: 0x90F79bf6EB2c4f870365E785982E1f101E93b906 (10000 ETH)
Private Key: 0x7c852118294e51e653712a81e05800f419141751be58f605c371e15141b007a6

Account #4: 0x15d34AAf54267DB7D7c367839AAf71A00a2C6A65 (10000 ETH)
Private Key: 0x47e179ec197488593b187f80a00eb0da91f1b9d0b13f8733639f19c30a34926a

Account #5: 0x9965507D1a55bcC2695C58ba16FB37d819B0A4dc (10000 ETH)
Private Key: 0x8b3a350cf5c34c9194ca85829a2df0ec3153be0318b5e2d3348e872092edffba

Account #6: 0x976EA74026E726554dB657fA54763abd0C3a0aa9 (10000 ETH)
Private Key: 0x92db14e403b83dfe3df233f83dfa3a0d7096f21ca9b0d6d6b8d88b2b4ec1564e

Account #7: 0x14dC79964da2C08b23698B3D3cc7Ca32193d9955 (10000 ETH)
Private Key: 0x4bbbf85ce3377467afe5d46f804f221813b2bb87f24d81f60f1fcdbf7cbf4356

Account #8: 0x23618e81E3f5cdF7f54C3d65f7FBc0aBf5B21E8f (10000 ETH)
Private Key: 0xdbda1821b80551c9d65939329250298aa3472ba22feea921c0cf5d620ea67b97

Account #9: 0xa0Ee7A142d267C1f36714E4a8F75612F20a79720 (10000 ETH)
Private Key: 0x2a871d0798f97d79848a013d4936a73bf4cc922c825d33c1cf7073dff6d409c6

Account #10: 0xBcd4042DE499D14e55001CcbB24a551F3b954096 (10000 ETH)
Private Key: 0xf214f2b2cd398c806f84e317254e0f0b801d0643303237d97a22a48e01628897

Account #11: 0x71bE63f3384f5fb98995898A86B02Fb2426c5788 (10000 ETH)
Private Key: 0x701b615bbdfb9de65240bc28bd21bbc0d996645a3dd57e7b12bc2bdf6f192c82

Account #12: 0xFABB0ac9d68B0B445fB7357272Ff202C5651694a (10000 ETH)
Private Key: 0xa267530f49f8280200edf313ee7af6b827f2a8bce2897751d06a843f644967b1

Account #13: 0x1CBd3b2770909D4e10f157cABC84C7264073C9Ec (10000 ETH)
Private Key: 0x47c99abed3324a2707c28affff1267e45918ec8c3f20b8aa892e8b065d2942dd

Account #14: 0xdF3e18d64BC6A983f673Ab319CCaE4f1a57C7097 (10000 ETH)
Private Key: 0xc526ee95bf44d8fc405a158bb884d9d1238d99f0612e9f33d006bb0789009aaa

Account #15: 0xcd3B766CCDd6AE721141F452C550Ca635964ce71 (10000 ETH)
Private Key: 0x8166f546bab6da521a8369cab06c5d2b9e46670292d85c875ee9ec20e84ffb61

Account #16: 0x2546BcD3c84621e976D8185a91A922aE77ECEc30 (10000 ETH)
Private Key: 0xea6c44ac03bff858b476bba40716402b03e41b8e97e276d1baec7c37d42484a0

Account #17: 0xbDA5747bFD65F08deb54cb465eB87D40e51B197E (10000 ETH)
Private Key: 0x689af8efa8c651a91ad287602527f3af2fe9f6501a7ac4b061667b5a93e037fd

Account #18: 0xdD2FD4581271e230360230F9337D5c0430Bf44C0 (10000 ETH)
Private Key: 0xde9be858da4a475276426320d5e9262ecfc3ba460bfac56360bfa6c4c28b4ee0

Account #19: 0x8626f6940E2eb28930eFb4CeF49B2d1F2C9C1199 (10000 ETH)
Private Key: 0xdf57089febbacf7ba0bc227dafbffa9fc08a93fdc68e1e42411a14efcf23656e

WARNING: These accounts, and their private keys, are publicly known.
Any funds sent to them on Mainnet or any other live network WILL BE LOST.

[32meth_blockNumber[0m
[32meth_chainId[0m
[32meth_accounts[0m
[32mhardhat_metadata[0m
[32mhardhat_metadata (2)[0m
[32mhardhat_metadata (3)[0m
[32mhardhat_metadata (4)[0m
[32mhardhat_metadata (5)[0m
[32mhardhat_metadata (6)[0m
[32mhardhat_metadata (7)[0m
[32mhardhat_metadata (8)[0m
[32mhardhat_metadata (9)[0m
[32mhardhat_metadata (10)[0m
[32mhardhat_metadata (11)[0m
[32mhardhat_metadata (12)[0m
[32mhardhat_metadata (13)[0m
[32mhardhat_metadata (14)[0m
[32mhardhat_metadata (15)[0m
[32mhardhat_metadata (16)[0m
[32mhardhat_metadata (17)[0m
[32mhardhat_metadata (18)[0m
[32mhardhat_metadata (19)[0m
[32mhardhat_metadata (20)[0m
[32meth_blockNumber[0m
[32meth_getBlockByNumber[0m
[32meth_feeHistory[0m
[32meth_maxPriorityFeePerGas[0m
[32meth_sendTransaction[0m
  Contract deployment: <UnrecognizedContract>
  Contract address:    0x5fbdb2315678afecb367f032d93f642f64180aa3
  Transaction:         0xfcc3c6724f484c103c1c3a1b8e90900533cd70c1d784bf1d4d40cfa8dc32947f
  From:                0xf39fd6e51aad88f6f4ce6ab8827279cfffb92266
  Value:               0 ETH
  Gas used:            1903792 of 30000000
  Block #1:            0xc517cfcfd0f0a966d995e2eaa1fcc664c91808775b5e410bc62200ee5091f567

[32meth_getTransactionByHash[0m
[32meth_getTransactionReceipt[0m
[32meth_blockNumber[0m
[32meth_chainId[0m
[32meth_accounts[0m
[32mhardhat_metadata[0m
[32mhardhat_metadata (2)[0m
[32mhardhat_metadata (3)[0m
[32mhardhat_metadata (4)[0m
[32mhardhat_metadata (5)[0m
[32mhardhat_metadata (6)[0m
[32mhardhat_metadata (7)[0m
[32mhardhat_metadata (8)[0m
[32mhardhat_metadata (9)[0m
[32mhardhat_metadata (10)[0m
[32mhardhat_metadata (11)[0m
[32mhardhat_metadata (12)[0m
[32mhardhat_metadata (13)[0m
[32mhardhat_metadata (14)[0m
[32mhardhat_metadata (15)[0m
[32mhardhat_metadata (16)[0m
[32mhardhat_metadata (17)[0m
[32mhardhat_metadata (18)[0m
[32mhardhat_metadata (19)[0m
[32mhardhat_metadata (20)[0m
[32meth_blockNumber[0m
[32meth_getBlockByNumber[0m
[32meth_feeHistory[0m
[32meth_sendTransaction[0m
  Contract deployment: <UnrecognizedContract>
  Contract address:    0xe7f1725e7734ce288f8367e1bb143e90bb3f0512
  Transaction:         0xa62f73192b543c86762476eaad337a048ee7fb58e74afc3afa4be69de82b2020
  From:                0xf39fd6e51aad88f6f4ce6ab8827279cfffb92266
  Value:               0 ETH
  Gas used:            1912502 of 30000000
  Block #2:            0xc0eef9cef4d5626f3f7a6f75f42e5565aeecd41372e4bc95b78e48b479d3553a

[32meth_getTransactionByHash[0m
[32meth_getTransactionReceipt[0m
[32meth_blockNumber[0m
[32mnet_version[0m
[32meth_blockNumber[0m
[32meth_blockNumber (2)[0m
[32meth_blockNumber (3)[0m
[32meth_blockNumber (4)[0m
[32meth_blockNumber (5)[0m
[32meth_blockNumber (6)[0m
[32meth_accounts[0m
[32meth_chainId[0m
[32meth_getBalance[0m
[32meth_getBalance (2)[0m
[32meth_chainId[0m
[32meth_chainId (2)[0m
[32meth_blockNumber[0m
[32meth_blockNumber (2)[0m
[32meth_blockNumber (3)[0m
[32meth_blockNumber (4)[0m
[32meth_accounts[0m
[32meth_chainId[0m
[32meth_getBalance[0m
[32meth_getBalance (2)[0m
[32meth_chainId[0m
[32meth_chainId (2)[0m
[32meth_blockNumber[0m
[32meth_blockNumber (2)[0m
[32meth_blockNumber (3)[0m
[32meth_blockNumber (4)[0m
[32meth_blockNumber (5)[0m
[32meth_blockNumber (6)[0m
[32meth_blockNumber (7)[0m
[32meth_blockNumber (8)[0m
[32meth_blockNumber (9)[0m
[32meth_blockNumber (10)[0m
[32meth_blockNumber (11)[0m
[32meth_blockNumber (12)[0m
[32meth_blockNumber (13)[0m
[32meth_blockNumber (14)[0m
[32meth_blockNumber (15)[0m
[32meth_blockNumber (16)[0m
[32meth_blockNumber (17)[0m
[32meth_blockNumber (18)[0m
[32meth_blockNumber (19)[0m
[32meth_blockNumber (20)[0m
[32meth_blockNumber (21)[0m
[32meth_blockNumber (22)[0m
[32meth_blockNumber (23)[0m
[32meth_blockNumber (24)[0m
[32meth_blockNumber (25)[0m
[32meth_blockNumber (26)[0m
[32meth_blockNumber (27)[0m
[32meth_blockNumber (28)[0m
[32meth_blockNumber (29)[0m
[32meth_blockNumber (30)[0m
[32meth_blockNumber (31)[0m
[32meth_blockNumber (32)[0m
[32meth_accounts[0m
[32meth_getBalance[0m
[32meth_getCode[0m
[32meth_getBalance[0m
[32meth_blockNumber[0m
[32meth_subscribe[0m
[32meth_getBlockByNumber[0m
[32meth_getBlockByNumber (2)[0m
[32meth_getBlockByNumber (3)[0m
[32meth_getTransactionReceipt[0m
[32meth_getTransactionReceipt (2)[0m
[32meth_chainId[0m
[32meth_getBalance[0m
[32meth_getBalance (2)[0m
[32meth_getBalance (3)[0m
[32meth_getBalance (4)[0m
[32meth_chainId[0m
[32meth_chainId (2)[0m
[32meth_blockNumber[0m
[32meth_blockNumber (2)[0m
[32meth_blockNumber (3)[0m
[32meth_blockNumber (4)[0m
[32meth_chainId[0m
[32meth_chainId (2)[0m
[32meth_getBlockByNumber[0m
[32meth_feeHistory[0m
[32meth_sendTransaction[0m
  Transaction:         0x09b88ef2cab2ccb896bf49f1e651c0c9e2e24162a93899b4a4fddf0694551ed1
  From:                0xf39fd6e51aad88f6f4ce6ab8827279cfffb92266
  To:                  0xe96e6a25c4760d6ef9fa838ac6729f5430fecf0d
  Value:               1. ETH
  Gas used:            21000 of 30000000
  Block #3:            0xb176c75cb9d21fc6861e5c7f80f2ed13e7a729ebaa08c91060102ff0678af56e

[32meth_getBlockByNumber[0m
[32meth_blockNumber[0m
[32meth_getTransactionByHash[0m
[32meth_getTransactionReceipt[0m
[32meth_chainId[0m
[32meth_chainId (2)[0m
[32meth_feeHistory[0m
[32meth_sendTransaction[0m
  Transaction:         0x018b1335e0cfba382a3511c3c6aa3e40f5f34999225dd18f8456e24a6b6d71ed
  From:                0xf39fd6e51aad88f6f4ce6ab8827279cfffb92266
  To:                  0xe96e6a25c4760d6ef9fa838ac6729f5430fecf0d
  Value:               1. ETH
  Gas used:            21000 of 30000000
  Block #4:            0xc4a4f2added15966ac0e3446d479eebb52b610d68d511afd4ab82e8736b40323

[32meth_getBlockByNumber[0m
[32meth_blockNumber[0m
[32meth_getTransactionByHash[0m
[32meth_getTransactionReceipt[0m
[32meth_chainId[0m
[32meth_chainId (2)[0m
[32meth_feeHistory[0m
[32meth_sendTransaction[0m
  Transaction:         0xb77a9968e17562e39be47a326b046ed2181e613dcc36f17309a58525abee897d
  From:                0xf39fd6e51aad88f6f4ce6ab8827279cfffb92266
  To:                  0xe96e6a25c4760d6ef9fa838ac6729f5430fecf0d
  Value:               1. ETH
  Gas used:            21000 of 30000000
  Block #5:            0xf0ecc591f01bc8d0177f4f40f92a4e2e96c29308c83a41f36ae6a6b5e383ed7c

[32meth_getBlockByNumber[0m
[32meth_blockNumber[0m
[32meth_getTransactionByHash[0m
[32meth_getTransactionReceipt[0m
[32meth_chainId[0m
[32meth_chainId (2)[0m
[32meth_feeHistory[0m
[32meth_sendTransaction[0m
  Transaction:         0xa89e06bf50912c6147e7ea413ba56057e97eb5042dda8692d70a4ba258a38a4a
  From:                0xf39fd6e51aad88f6f4ce6ab8827279cfffb92266
  To:                  0xe96e6a25c4760d6ef9fa838ac6729f5430fecf0d
  Value:               1. ETH
  Gas used:            21000 of 30000000
  Block #6:            0x6571150fc3b62b08a26a5a402f78db9e44f105cb6d60892558b8bf8a865d2582

[32meth_getBlockByNumber[0m
[32meth_blockNumber[0m
[32meth_getTransactionByHash[0m
[32meth_getTransactionReceipt[0m
[32meth_chainId[0m
[32meth_chainId (2)[0m
[32meth_feeHistory[0m
[32meth_sendTransaction[0m
  Transaction:         0x1f8ac7d60a4b4b06e230553c164f279cd793cfc166e9c17afe4a504c4300b430
  From:                0xf39fd6e51aad88f6f4ce6ab8827279cfffb92266
  To:                  0xe96e6a25c4760d6ef9fa838ac6729f5430fecf0d
  Value:               1. ETH
  Gas used:            21000 of 30000000
  Block #7:            0x910110b241b296f9b4b48bff456fe379e8acd9ddba0ce738f1896c533ae40a0c

[32meth_getBlockByNumber[0m
[32meth_blockNumber[0m
[32meth_getTransactionByHash[0m
[32meth_getTransactionReceipt[0m
[32meth_chainId[0m
[32meth_chainId (2)[0m
[32meth_feeHistory[0m
[32meth_sendTransaction[0m
  Transaction:         0x6e258ff672d5a42f7b5ef85db22297120cdff34559703af4d1f2ebd267a33a1c
  From:                0xf39fd6e51aad88f6f4ce6ab8827279cfffb92266
  To:                  0xe96e6a25c4760d6ef9fa838ac6729f5430fecf0d
  Value:               1. ETH
  Gas used:            21000 of 30000000
  Block #8:            0xbddf594c5bb8629809785504892df4f8c0fd4df92d86a428bd2496b10e5558b0

[32meth_getBlockByNumber[0m
[32meth_blockNumber[0m
[32meth_getTransactionByHash[0m
[32meth_getTransactionReceipt[0m
[32meth_chainId[0m
[32meth_chainId (2)[0m
[32meth_feeHistory[0m
[32meth_sendTransaction[0m
  Transaction:         0x46568c8a6c28429b2fab50f0695c397358cc90ed34d61a639f28dbce353abeb9
  From:                0xf39fd6e51aad88f6f4ce6ab8827279cfffb92266
  To:                  0xe96e6a25c4760d6ef9fa838ac6729f5430fecf0d
  Value:               1. ETH
  Gas used:            21000 of 30000000
  Block #9:            0xac7973c10077001f8ad2c3c039e54a5d722ad84526944542e71831d453892f5d

[32meth_getBlockByNumber[0m
[32meth_blockNumber[0m
[32meth_getTransactionByHash[0m
[32meth_getTransactionReceipt[0m
[32meth_chainId[0m
[32meth_chainId (2)[0m
[32meth_feeHistory[0m
[32meth_sendTransaction[0m
  Transaction:         0x24eca88ab00d7008beb6af8dfdb73b8209db8080985d82ca0ed96aa6ba2fd771
  From:                0xf39fd6e51aad88f6f4ce6ab8827279cfffb92266
  To:                  0xe96e6a25c4760d6ef9fa838ac6729f5430fecf0d
  Value:               1. ETH
  Gas used:            21000 of 30000000
  Block #10:           0xc09a35559c4d4149672b6b48ccb32d9d5f55c93ca6299b1d4df45413d726c0d4

[32meth_getBlockByNumber[0m
[32meth_blockNumber[0m
[32meth_getTransactionByHash[0m
[32meth_getTransactionReceipt[0m
[32meth_chainId[0m
[32meth_chainId (2)[0m
[32meth_feeHistory[0m
[32meth_sendTransaction[0m
  Transaction:         0x0a41335f48ce24e2a8679ad0506cfd63405dc5f74b23eac449dfc44c23bbd235
  From:                0xf39fd6e51aad88f6f4ce6ab8827279cfffb92266
  To:                  0xe96e6a25c4760d6ef9fa838ac6729f5430fecf0d
  Value:               1. ETH
  Gas used:            21000 of 30000000
  Block #11:           0x96b7109ee553cdd9925178edcd83784fb6ac58f655eb545680f03de7395cfb8f

[32meth_getBlockByNumber[0m
[32meth_blockNumber[0m
[32meth_getTransactionByHash[0m
[32meth_getTransactionReceipt[0m
[32meth_chainId[0m
[32meth_chainId (2)[0m
[32meth_feeHistory[0m
[32meth_sendTransaction[0m
  Transaction:         0xcc4cf7abde7dbf9775a12f9d3f10265002eb157be64aba1c93f148dd82699185
  From:                0xf39fd6e51aad88f6f4ce6ab8827279cfffb92266
  To:                  0xe96e6a25c4760d6ef9fa838ac6729f5430fecf0d
  Value:               1. ETH
  Gas used:            21000 of 30000000
  Block #12:           0xf0c88803e22d9a85a1bfde73e5aea1f00087b13bec40be6c4482c9afeb7d3ae9

[32meth_getBlockByNumber[0m
[32meth_blockNumber[0m
[32meth_getTransactionByHash[0m
[32meth_getTransactionReceipt[0m
[32meth_chainId[0m
[32meth_chainId (2)[0m
[32meth_feeHistory[0m
[32meth_sendTransaction[0m
  Transaction:         0x2ed62db9096cbbc487a833f89031ae816b00f81a1582296ad162e1d0d8ce7e6b
  From:                0xf39fd6e51aad88f6f4ce6ab8827279cfffb92266
  To:                  0xe96e6a25c4760d6ef9fa838ac6729f5430fecf0d
  Value:               1. ETH
  Gas used:            21000 of 30000000
  Block #13:           0xae66edd4a3140e9542a413c51b2ba72d55588877087073e9102af09035a96b02

[32meth_getBlockByNumber[0m
[32meth_blockNumber[0m
[32meth_getTransactionByHash[0m
[32meth_getTransactionReceipt[0m
[32meth_chainId[0m
[32meth_chainId (2)[0m
[32meth_feeHistory[0m
[32meth_sendTransaction[0m
  Transaction:         0x5c4c1b6fe2ca3620d8afd23febe0564cee199799a497a27848b5a0bdc5d5cf2a
  From:                0xf39fd6e51aad88f6f4ce6ab8827279cfffb92266
  To:                  0xe96e6a25c4760d6ef9fa838ac6729f5430fecf0d
  Value:               1. ETH
  Gas used:            21000 of 30000000
  Block #14:           0x242ae4ad14f2ed3c467460af54ad0f267bedc77953c8d908bb0c4904fc6dcbe9

[32meth_getBlockByNumber[0m
[32meth_blockNumber[0m
[32meth_getTransactionByHash[0m
[32meth_getTransactionReceipt[0m
[32meth_chainId[0m
[32meth_chainId (2)[0m
[32meth_feeHistory[0m
[32meth_sendTransaction[0m
  Transaction:         0x8141d4fe67093dbe267cd5885d7de733bf7954a6baff3277624e07b7c7c4de8d
  From:                0xf39fd6e51aad88f6f4ce6ab8827279cfffb92266
  To:                  0xe96e6a25c4760d6ef9fa838ac6729f5430fecf0d
  Value:               1. ETH
  Gas used:            21000 of 30000000
  Block #15:           0xb5c4a5c617cbefc143a05da308660f8e81cf9c842fdbe16d7fc8f31bda702742

[32meth_getBlockByNumber[0m
[32meth_blockNumber[0m
[32meth_blockNumber (2)[0m
[32meth_getTransactionByHash[0m
[32meth_getTransactionReceipt[0m
[32meth_getBalance[0m
[32meth_getBalance (2)[0m
[32meth_getBalance (3)[0m
[32meth_chainId[0m
[32meth_chainId (2)[0m
[32meth_blockNumber[0m
[32meth_feeHistory[0m
[32meth_sendTransaction[0m
  Transaction:         0x8e9b47671afd31e63ee0151d8dcf2236d1141a5ff9baf8a3eda8157392ad6f76
  From:                0xf39fd6e51aad88f6f4ce6ab8827279cfffb92266
  To:                  0xe96e6a25c4760d6ef9fa838ac6729f5430fecf0d
  Value:               1. ETH
  Gas used:            21000 of 30000000
  Block #16:           0x1dbb916229f23aa1b339838e74c2c9a4fdcd66da49a8c8dfbaf1e9aad88cde2d

[32meth_getBlockByNumber[0m
[32meth_getBalance[0m
[32meth_getBalance (2)[0m
[32meth_getBalance (3)[0m
[32meth_getBalance (4)[0m
[32meth_blockNumber[0m
[32meth_getTransactionByHash[0m
[32meth_getTransactionReceipt[0m
[32meth_chainId[0m
[32meth_chainId (2)[0m
[32meth_feeHistory[0m
[32meth_sendTransaction[0m
  Transaction:         0x93b3b2967942ae18a45326f9d812722e01dae657173dfc45bb6e175fc1ec3495
  From:                0xf39fd6e51aad88f6f4ce6ab8827279cfffb92266
  To:                  0xe96e6a25c4760d6ef9fa838ac6729f5430fecf0d
  Value:               1. ETH
  Gas used:            21000 of 30000000
  Block #17:           0x109671194f7868881e15532adf5a735d9245aeae2bc1319663eef5db8dd37a17

[32meth_getBlockByNumber[0m
[32meth_blockNumber[0m
[32meth_getTransactionByHash[0m
[32meth_getTransactionReceipt[0m
[32meth_chainId[0m
[32meth_chainId (2)[0m
[32meth_feeHistory[0m
[32meth_sendTransaction[0m
  Transaction:         0x1387453af1aaee905a687b1ce834d094d0c0cde5c8e3f92b26dab167293d127a
  From:                0xf39fd6e51aad88f6f4ce6ab8827279cfffb92266
  To:                  0xe96e6a25c4760d6ef9fa838ac6729f5430fecf0d
  Value:               1. ETH
  Gas used:            21000 of 30000000
  Block #18:           0x5ac4f5cd17a14f4b98bf98367e8cc2fe0a3288e8518ec29771038b3c6b0233af

[32meth_getBlockByNumber[0m
[32meth_blockNumber[0m
[32meth_getTransactionByHash[0m
[32meth_getTransactionReceipt[0m
[32meth_chainId[0m
[32meth_chainId (2)[0m
[32meth_feeHistory[0m
[32meth_sendTransaction[0m
  Transaction:         0x49cb1010c165271a5e57bc370725df2f1638244d885b644135f98a0978b77da1
  From:                0xf39fd6e51aad88f6f4ce6ab8827279cfffb92266
  To:                  0xe96e6a25c4760d6ef9fa838ac6729f5430fecf0d
  Value:               1. ETH
  Gas used:            21000 of 30000000
  Block #19:           0x3128eb96728a03765f4f085173d2e0c8133a83fc3d4d719a021900a37ec91ead

[32meth_getBlockByNumber[0m
[32meth_blockNumber[0m
[32meth_getTransactionByHash[0m
[32meth_getTransactionReceipt[0m
[32meth_chainId[0m
[32meth_chainId (2)[0m
[32meth_feeHistory[0m
[32meth_sendTransaction[0m
  Transaction:         0xa38eb0b8e2da7f0f130c63605b0b9cfb1a253360b8dc4730cd5e930b6f544ffe
  From:                0xf39fd6e51aad88f6f4ce6ab8827279cfffb92266
  To:                  0xe96e6a25c4760d6ef9fa838ac6729f5430fecf0d
  Value:               1. ETH
  Gas used:            21000 of 30000000
  Block #20:           0xc63bb0cf5f0bfd3be22e8806c659aa16b49d107ed316b91c080750c8a16553f8

[32meth_getBlockByNumber[0m
[32meth_blockNumber[0m
[32meth_getTransactionByHash[0m
[32meth_getTransactionReceipt[0m
[32meth_chainId[0m
[32meth_chainId (2)[0m
[32meth_feeHistory[0m
[32meth_sendTransaction[0m
  Transaction:         0x5e5a14143eef4341dbbc2a12eb89cd04d924f631643372dc7d54640043e0dd35
  From:                0xf39fd6e51aad88f6f4ce6ab8827279cfffb92266
  To:                  0xe96e6a25c4760d6ef9fa838ac6729f5430fecf0d
  Value:               1. ETH
  Gas used:            21000 of 30000000
  Block #21:           0xef7cea5e62f92385811cacb138b8e90f234759135086b052ea22f18ec862f0f9

[32meth_getBlockByNumber[0m
[32meth_blockNumber[0m
[32meth_getTransactionByHash[0m
[32meth_getTransactionReceipt[0m
[32meth_chainId[0m
[32meth_chainId (2)[0m
[32meth_feeHistory[0m
[32meth_sendTransaction[0m
  Transaction:         0x371a7334e51f4311e4045cdb54b0c02b1b07f592bee231400b368419b37bb63f
  From:                0xf39fd6e51aad88f6f4ce6ab8827279cfffb92266
  To:                  0xe96e6a25c4760d6ef9fa838ac6729f5430fecf0d
  Value:               1. ETH
  Gas used:            21000 of 30000000
  Block #22:           0x6a0d602637833477754d821d67ddddff4fb1754d263e50ce93ecefd0fb174cd3

[32meth_getBlockByNumber[0m
[32meth_blockNumber[0m
[32meth_getTransactionByHash[0m
[32meth_getTransactionReceipt[0m
[32meth_chainId[0m
[32meth_chainId (2)[0m
[32meth_feeHistory[0m
[32meth_sendTransaction[0m
  Transaction:         0x5a810b6d25f7ad534d6a0824e01e4684c6809aeadda2bcee3d5f66833032a135
  From:                0xf39fd6e51aad88f6f4ce6ab8827279cfffb92266
  To:                  0xe96e6a25c4760d6ef9fa838ac6729f5430fecf0d
  Value:               1. ETH
  Gas used:            21000 of 30000000
  Block #23:           0x6561ab0277b18ab5644dd4f6f5a17de4471cedff1d714165ebd78b220e56d49b

[32meth_getBlockByNumber[0m
[32meth_blockNumber[0m
[32meth_getTransactionByHash[0m
[32meth_getTransactionReceipt[0m
[32meth_chainId[0m
[32meth_chainId (2)[0m
[32meth_feeHistory[0m
[32meth_sendTransaction[0m
  Transaction:         0xd72a207640c214b827d3d97e3cbf9b2f434ac9cba93f9b072b31c800909a1f14
  From:                0xf39fd6e51aad88f6f4ce6ab8827279cfffb92266
  To:                  0xe96e6a25c4760d6ef9fa838ac6729f5430fecf0d
  Value:               1. ETH
  Gas used:            21000 of 30000000
  Block #24:           0x1dcf4af5ef0320ac4302e43c3e99845c9c3e1f34dc54b868db8b01bde7e8da8b

[32meth_getBlockByNumber[0m
[32meth_blockNumber[0m
[32meth_getTransactionByHash[0m
[32meth_getTransactionReceipt[0m
[32meth_chainId[0m
[32meth_chainId (2)[0m
[32meth_feeHistory[0m
[32meth_sendTransaction[0m
  Transaction:         0x3f0a2cfecf55af8529dd5cd3228744e009bf6fecf4a8c893970a35c2c9bc2770
  From:                0xf39fd6e51aad88f6f4ce6ab8827279cfffb92266
  To:                  0xe96e6a25c4760d6ef9fa838ac6729f5430fecf0d
  Value:               1. ETH
  Gas used:            21000 of 30000000
  Block #25:           0x1b53dc2be82e434585fdd7cfcceb9ee8bb6ee997c21a248c1fc3727240911067

[32meth_getBlockByNumber[0m
[32meth_blockNumber[0m
[32meth_getTransactionByHash[0m
[32meth_getTransactionReceipt[0m
[32meth_chainId[0m
[32meth_chainId (2)[0m
[32meth_feeHistory[0m
[32meth_sendTransaction[0m
  Transaction:         0x8ef42f6c93e2017f75bddedc0d7a8fd289fd5a862e96c0fcba387a75945768b8
  From:                0xf39fd6e51aad88f6f4ce6ab8827279cfffb92266
  To:                  0xe96e6a25c4760d6ef9fa838ac6729f5430fecf0d
  Value:               1. ETH
  Gas used:            21000 of 30000000
  Block #26:           0x83bc9e4e6506edc5866b72d3da6fd0522e00de8a7b4403dcd9b0c74676fc950e

[32meth_getBlockByNumber[0m
[32meth_blockNumber[0m
[32meth_getTransactionByHash[0m
[32meth_getTransactionReceipt[0m
[32meth_chainId[0m
[32meth_chainId (2)[0m
[32meth_feeHistory[0m
[32meth_sendTransaction[0m
  Transaction:         0x1c502cf75f2d523a4dcd354988c73dfa30cd460a346b88e1da04769dab4ffd6c
  From:                0xf39fd6e51aad88f6f4ce6ab8827279cfffb92266
  To:                  0xe96e6a25c4760d6ef9fa838ac6729f5430fecf0d
  Value:               1. ETH
  Gas used:            21000 of 30000000
  Block #27:           0x6ec3aec3b2c0d643d83cb536c69fc01ff2fbfcfd14826289dd4cade8431592ef

[32meth_getBlockByNumber[0m
[32meth_blockNumber[0m
[32meth_getTransactionByHash[0m
[32meth_getTransactionReceipt[0m
[32meth_blockNumber[0m
[32meth_getBalance[0m
[32meth_getBalance (2)[0m
[32meth_getBalance (3)[0m
[32meth_getBalance (4)[0m
[32meth_blockNumber[0m
[32meth_getBalance[0m
[32meth_getBalance (2)[0m
[32meth_getBalance (3)[0m
[32meth_blockNumber[0m
[32meth_blockNumber (2)[0m
[32meth_blockNumber (3)[0m
[32meth_blockNumber (4)[0m
[32meth_blockNumber (5)[0m
[32meth_blockNumber (6)[0m
[32meth_chainId[0m
[32meth_chainId (2)[0m
[32meth_feeHistory[0m
[32meth_sendTransaction[0m
  Transaction:         0x5c7db922c563c94a80ec4e77747f06d616963294fa6f9f7bbc206b09957070ed
  From:                0xf39fd6e51aad88f6f4ce6ab8827279cfffb92266
  To:                  0xe96e6a25c4760d6ef9fa838ac6729f5430fecf0d
  Value:               1000. ETH
  Gas used:            21000 of 30000000
  Block #28:           0x105b66edd307571d44779ec8784bbca299d6b8227bf38331efc5e93f5ad84152

[32meth_getBlockByNumber[0m
[32meth_blockNumber[0m
[32meth_getTransactionByHash[0m
[32meth_getTransactionReceipt[0m
[32meth_blockNumber[0m
[32meth_getBalance[0m
[32meth_getBalance (2)[0m
[32meth_getBalance (3)[0m
[32meth_blockNumber[0m
[32meth_getBalance[0m
[32meth_getBalance (2)[0m
[32meth_getBalance (3)[0m
[32meth_getBalance (4)[0m
[32meth_blockNumber[0m
[32meth_blockNumber (2)[0m
[32meth_blockNumber (3)[0m
[32meth_blockNumber (4)[0m
[32meth_blockNumber (5)[0m
[32meth_unsubscribe[0m
[32meth_blockNumber[0m
[32meth_blockNumber (2)[0m
[32meth_blockNumber (3)[0m
[32meth_blockNumber (4)[0m
[32meth_blockNumber (5)[0m
[32meth_blockNumber (6)[0m
[32meth_blockNumber (7)[0m
[32meth_blockNumber (8)[0m
[32meth_blockNumber (9)[0m
[32meth_blockNumber (10)[0m
[32meth_accounts[0m
[32meth_chainId[0m
[32meth_getBalance[0m
[32meth_getBalance (2)[0m
[32meth_chainId[0m
[32meth_chainId (2)[0m
[32meth_chainId (3)[0m
[32meth_chainId (4)[0m
[32meth_chainId (5)[0m
[32meth_chainId (6)[0m
[32meth_blockNumber[0m
[32meth_chainId[0m
[32meth_blockNumber[0m
[32meth_chainId[0m
[32meth_accounts[0m
[32meth_accounts (2)[0m
[32meth_chainId[0m
[32meth_chainId (2)[0m
[32meth_gasPrice[0m
[32meth_gasPrice (2)[0m
[32meth_blockNumber[0m
[32meth_blockNumber (2)[0m
[32meth_blockNumber (3)[0m
[32meth_blockNumber (4)[0m
[32meth_blockNumber (5)[0m
[32meth_blockNumber (6)[0m
[32meth_blockNumber (7)[0m
[32meth_blockNumber (8)[0m
[32meth_blockNumber (9)[0m
[32meth_blockNumber (10)[0m
[32meth_chainId[0m
[32meth_chainId (2)[0m
[32meth_blockNumber[0m
[32meth_chainId[0m
[32meth_accounts[0m
[32meth_chainId[0m
[32meth_gasPrice[0m
[32meth_blockNumber[0m
[32meth_blockNumber (2)[0m
[32meth_blockNumber (3)[0m
[32meth_blockNumber (4)[0m
[32meth_blockNumber (5)[0m
[32meth_blockNumber (6)[0m
[32meth_blockNumber (7)[0m
[32meth_blockNumber (8)[0m
[32meth_blockNumber (9)[0m
[32meth_blockNumber (10)[0m
[32meth_blockNumber (11)[0m
[32meth_blockNumber (12)[0m
[32meth_blockNumber (13)[0m
[32meth_blockNumber (14)[0m
[32meth_blockNumber (15)[0m
[32meth_blockNumber (16)[0m
[32meth_blockNumber (17)[0m
[32meth_blockNumber (18)[0m
[32meth_blockNumber (19)[0m
[32meth_blockNumber (20)[0m
[32meth_blockNumber (21)[0m
[32meth_blockNumber (22)[0m
[32meth_blockNumber (23)[0m
[32meth_blockNumber (24)[0m
[32meth_blockNumber (25)[0m
[32meth_blockNumber (26)[0m
[32meth_blockNumber (27)[0m
[32meth_blockNumber (28)[0m
[32meth_blockNumber (29)[0m
[32meth_blockNumber (30)[0m
[32meth_blockNumber (31)[0m
[32meth_blockNumber (32)[0m
[32meth_blockNumber (33)[0m
[32meth_blockNumber (34)[0m
[32meth_blockNumber (35)[0m
[32meth_blockNumber (36)[0m
[32meth_blockNumber (37)[0m
[32meth_blockNumber (38)[0m
[32meth_blockNumber (39)[0m
[32meth_blockNumber (40)[0m
[32meth_blockNumber (41)[0m
[32meth_blockNumber (42)[0m
[32meth_blockNumber (43)[0m
[32meth_blockNumber (44)[0m
[32meth_blockNumber (45)[0m
[32meth_blockNumber (46)[0m
[32meth_blockNumber (47)[0m
[32meth_blockNumber (48)[0m
[32meth_blockNumber (49)[0m
[32meth_blockNumber (50)[0m
[32meth_blockNumber (51)[0m
[32meth_blockNumber (52)[0m
[32meth_blockNumber (53)[0m
[32meth_blockNumber (54)[0m
[32meth_blockNumber (55)[0m
[32meth_blockNumber (56)[0m
[32meth_blockNumber (57)[0m
[32meth_blockNumber (58)[0m
[32meth_blockNumber (59)[0m
[32meth_blockNumber (60)[0m
[32meth_blockNumber (61)[0m
[32meth_blockNumber (62)[0m
[32meth_blockNumber (63)[0m
[32meth_blockNumber (64)[0m
[32meth_blockNumber (65)[0m
[32meth_blockNumber (66)[0m
[32meth_blockNumber (67)[0m
[32meth_blockNumber (68)[0m
[32meth_blockNumber (69)[0m
[32meth_blockNumber (70)[0m
[32meth_blockNumber (71)[0m
[32meth_blockNumber (72)[0m
[32meth_blockNumber (73)[0m
[32meth_blockNumber (74)[0m
[32meth_blockNumber (75)[0m
[32meth_blockNumber (76)[0m
[32meth_blockNumber (77)[0m
[32meth_blockNumber (78)[0m
[32meth_unsubscribe[0m
[32meth_blockNumber[0m
[32meth_blockNumber (2)[0m
[32meth_accounts[0m
[32meth_chainId[0m
[32meth_blockNumber[0m
[32meth_accounts[0m
[32meth_getBalance[0m
[32meth_getBalance (2)[0m
[32meth_chainId[0m
[32meth_chainId (2)[0m
[32meth_chainId (3)[0m
[32meth_chainId (4)[0m
[32meth_chainId (5)[0m
[32meth_chainId (6)[0m
[32meth_blockNumber[0m
[32meth_chainId[0m
[32meth_blockNumber[0m
[32meth_chainId[0m
[32meth_accounts[0m
[32meth_accounts (2)[0m
[32meth_chainId[0m
[32meth_chainId (2)[0m
[32meth_gasPrice[0m
[32meth_gasPrice (2)[0m
[32meth_chainId[0m
[32meth_getBalance[0m
[32meth_getBalance (2)[0m
[32meth_chainId[0m
[32meth_chainId (2)[0m
[32meth_blockNumber[0m
[32meth_blockNumber (2)[0m
[32meth_blockNumber (3)[0m
[32meth_blockNumber (4)[0m
[32meth_blockNumber (5)[0m
[32meth_blockNumber (6)[0m
[32meth_blockNumber (7)[0m
[32meth_blockNumber (8)[0m
[32meth_blockNumber (9)[0m
[32meth_blockNumber (10)[0m
[32meth_blockNumber (11)[0m
[32meth_blockNumber (12)[0m
[32meth_blockNumber (13)[0m
[32meth_blockNumber (14)[0m
[32meth_blockNumber (15)[0m
[32meth_blockNumber (16)[0m
[32meth_blockNumber (17)[0m
[32meth_blockNumber (18)[0m
[32meth_blockNumber (19)[0m
[32meth_blockNumber (20)[0m
[32meth_blockNumber (21)[0m
[32meth_blockNumber (22)[0m
[32meth_blockNumber (23)[0m
[32meth_blockNumber (24)[0m
[32meth_blockNumber (25)[0m
[32meth_blockNumber (26)[0m
[32meth_blockNumber (27)[0m
[32meth_blockNumber (28)[0m
[32meth_blockNumber (29)[0m
[32meth_blockNumber (30)[0m
[32meth_blockNumber (31)[0m
[32meth_blockNumber (32)[0m
[32meth_blockNumber (33)[0m
[32meth_blockNumber (34)[0m
[32meth_blockNumber (35)[0m
[32meth_blockNumber (36)[0m
[32meth_blockNumber (37)[0m
[32meth_blockNumber (38)[0m
[32meth_blockNumber (39)[0m
[32meth_blockNumber (40)[0m
[32meth_blockNumber (41)[0m
[32meth_blockNumber (42)[0m
[32meth_blockNumber (43)[0m
[32meth_blockNumber (44)[0m
[32meth_blockNumber (45)[0m
[32meth_blockNumber (46)[0m
[32meth_blockNumber (47)[0m
[32meth_blockNumber (48)[0m
[32meth_blockNumber (49)[0m
[32meth_blockNumber (50)[0m
[32meth_blockNumber (51)[0m
[32meth_blockNumber (52)[0m
[32meth_blockNumber (53)[0m
[32meth_blockNumber (54)[0m
[32meth_blockNumber (55)[0m
[32meth_blockNumber (56)[0m
[32meth_blockNumber (57)[0m
[32meth_blockNumber (58)[0m
[32meth_blockNumber (59)[0m
[32meth_blockNumber (60)[0m
[32meth_blockNumber (61)[0m
[32meth_blockNumber (62)[0m
[32meth_blockNumber (63)[0m
[32meth_blockNumber (64)[0m
[32meth_blockNumber (65)[0m
[32meth_blockNumber (66)[0m
[32meth_blockNumber (67)[0m
[32meth_blockNumber (68)[0m
[32meth_blockNumber (69)[0m
[32meth_blockNumber (70)[0m
[32meth_blockNumber (71)[0m
[32meth_blockNumber (72)[0m
[32meth_blockNumber (73)[0m
[32meth_blockNumber (74)[0m
[32meth_blockNumber (75)[0m
[32meth_blockNumber (76)[0m
[32meth_blockNumber (77)[0m
[32meth_blockNumber (78)[0m
[32meth_blockNumber (79)[0m
[32meth_blockNumber (80)[0m
[32meth_blockNumber (81)[0m
[32meth_blockNumber (82)[0m
[32meth_blockNumber (83)[0m
[32meth_blockNumber (84)[0m
[32meth_blockNumber (85)[0m
[32meth_blockNumber (86)[0m
[32meth_blockNumber (87)[0m
[32meth_blockNumber (88)[0m
[32meth_blockNumber (89)[0m
[32meth_blockNumber (90)[0m
[32meth_chainId[0m
[32meth_chainId (2)[0m
[32meth_chainId (3)[0m
[32meth_chainId (4)[0m
[32meth_chainId (5)[0m
[32meth_chainId (6)[0m
[32meth_blockNumber[0m
[32meth_blockNumber (2)[0m
[32meth_blockNumber (3)[0m
[32meth_blockNumber (4)[0m
[32meth_blockNumber (5)[0m
[32meth_blockNumber (6)[0m
[32meth_blockNumber (7)[0m
[32meth_blockNumber (8)[0m
[32meth_blockNumber (9)[0m
[32meth_blockNumber (10)[0m
[32meth_blockNumber (11)[0m
[32meth_blockNumber (12)[0m
[32meth_blockNumber (13)[0m
[32meth_blockNumber (14)[0m
[32meth_blockNumber (15)[0m
[32meth_blockNumber (16)[0m
[32meth_blockNumber (17)[0m
[32meth_blockNumber (18)[0m
[32meth_blockNumber (19)[0m
[32meth_blockNumber (20)[0m
[32meth_blockNumber (21)[0m
[32meth_blockNumber (22)[0m
[32meth_blockNumber (23)[0m
[32meth_blockNumber (24)[0m
[32meth_blockNumber (25)[0m
[32meth_blockNumber (26)[0m
[32meth_blockNumber (27)[0m
[32meth_blockNumber (28)[0m
[32meth_blockNumber (29)[0m
[32meth_blockNumber (30)[0m
[32meth_blockNumber (31)[0m
[32meth_blockNumber (32)[0m
[32meth_blockNumber (33)[0m
[32meth_blockNumber (34)[0m
[32meth_blockNumber (35)[0m
[32meth_blockNumber (36)[0m
[32meth_blockNumber (37)[0m
[32meth_blockNumber (38)[0m
[32meth_blockNumber (39)[0m
[32meth_blockNumber (40)[0m
[32meth_blockNumber (41)[0m
[32meth_blockNumber (42)[0m
[32meth_blockNumber (43)[0m
[32meth_blockNumber (44)[0m
[32meth_blockNumber (45)[0m
[32meth_blockNumber (46)[0m
[32meth_blockNumber (47)[0m
[32meth_blockNumber (48)[0m
[32meth_blockNumber (49)[0m
[32meth_blockNumber (50)[0m
[32meth_blockNumber (51)[0m
[32meth_blockNumber (52)[0m
[32meth_blockNumber (53)[0m
[32meth_blockNumber (54)[0m
[32meth_blockNumber (55)[0m
[32meth_blockNumber (56)[0m
[32meth_blockNumber (57)[0m
[32meth_blockNumber (58)[0m
[32meth_blockNumber (59)[0m
[32meth_blockNumber (60)[0m
[32meth_blockNumber (61)[0m
[32meth_blockNumber (62)[0m
[32meth_blockNumber (63)[0m
[32meth_blockNumber (64)[0m
[32meth_blockNumber (65)[0m
[32meth_blockNumber (66)[0m
[32meth_blockNumber (67)[0m
[32meth_blockNumber (68)[0m
[32meth_blockNumber (69)[0m
[32meth_blockNumber (70)[0m
[32meth_blockNumber (71)[0m
[32meth_blockNumber (72)[0m
[32meth_blockNumber (73)[0m
[32meth_blockNumber (74)[0m
[32meth_blockNumber (75)[0m
[32meth_blockNumber (76)[0m
[32meth_blockNumber (77)[0m
[32meth_blockNumber (78)[0m
[32meth_blockNumber (79)[0m
[32meth_blockNumber (80)[0m
[32meth_blockNumber (81)[0m
[32meth_blockNumber (82)[0m
[32meth_blockNumber (83)[0m
[32meth_blockNumber (84)[0m
[32meth_blockNumber (85)[0m
[32meth_blockNumber (86)[0m
[32meth_blockNumber (87)[0m
[32meth_blockNumber (88)[0m
[32meth_blockNumber (89)[0m
[32meth_blockNumber (90)[0m
[32meth_blockNumber (91)[0m
[32meth_blockNumber (92)[0m
[32meth_blockNumber (93)[0m
[32meth_blockNumber (94)[0m
[32meth_blockNumber (95)[0m
[32meth_blockNumber (96)[0m
[32meth_blockNumber (97)[0m
[32meth_blockNumber (98)[0m
[32meth_blockNumber (99)[0m
[32meth_blockNumber (100)[0m
[32meth_blockNumber (101)[0m
[32meth_blockNumber (102)[0m
[32meth_blockNumber (103)[0m
[32meth_blockNumber (104)[0m
[32meth_blockNumber (105)[0m
[32meth_blockNumber (106)[0m
[32meth_blockNumber (107)[0m
[32meth_blockNumber (108)[0m
[32meth_blockNumber (109)[0m
[32meth_blockNumber (110)[0m
[32meth_blockNumber (111)[0m
[32meth_blockNumber (112)[0m
[32meth_blockNumber (113)[0m
[32meth_blockNumber (114)[0m
[32meth_blockNumber (115)[0m
[32meth_blockNumber (116)[0m
[32meth_blockNumber (117)[0m
[32meth_blockNumber (118)[0m
[32meth_blockNumber (119)[0m
[32meth_blockNumber (120)[0m
[32meth_blockNumber (121)[0m
[32meth_blockNumber (122)[0m
[32meth_blockNumber (123)[0m
[32meth_blockNumber (124)[0m
[32meth_blockNumber (125)[0m
[32meth_blockNumber (126)[0m
[32meth_blockNumber (127)[0m
[32meth_blockNumber (128)[0m
[32meth_blockNumber (129)[0m
[32meth_blockNumber (130)[0m
[32meth_blockNumber (131)[0m
[32meth_blockNumber (132)[0m
[32meth_blockNumber (133)[0m
[32meth_blockNumber (134)[0m
[32meth_blockNumber (135)[0m
[32meth_blockNumber (136)[0m
[32meth_blockNumber (137)[0m
[32meth_accounts[0m
[32meth_blockNumber[0m
[32meth_accounts[0m
[32meth_chainId[0m
[32meth_chainId (2)[0m
[32meth_chainId (3)[0m
[32meth_chainId (4)[0m
[32meth_blockNumber[0m
[32meth_chainId[0m
[32meth_blockNumber[0m
[32meth_chainId[0m
[32meth_accounts[0m
[32meth_accounts (2)[0m
[32meth_chainId[0m
[32meth_chainId (2)[0m
[32meth_gasPrice[0m
[32meth_gasPrice (2)[0m
[32meth_chainId[0m
[32meth_getBalance[0m
[32meth_getBalance (2)[0m
[32meth_chainId[0m
[32meth_chainId (2)[0m
[32meth_chainId (3)[0m
[32meth_getBalance[0m
[32meth_getBalance (2)[0m
[32meth_chainId[0m
[32meth_chainId (2)[0m
[32meth_blockNumber[0m
[32meth_blockNumber (2)[0m
[32meth_blockNumber (3)[0m
[32meth_blockNumber (4)[0m
[32meth_blockNumber (5)[0m
[32meth_blockNumber (6)[0m
[32meth_blockNumber (7)[0m
[32meth_blockNumber (8)[0m
[32meth_blockNumber (9)[0m
[32meth_blockNumber (10)[0m
[32meth_blockNumber (11)[0m
[32meth_blockNumber (12)[0m
[32meth_blockNumber (13)[0m
[32meth_blockNumber (14)[0m
[32meth_blockNumber (15)[0m
[32meth_blockNumber (16)[0m
[32meth_blockNumber (17)[0m
[32meth_blockNumber (18)[0m
[32meth_blockNumber (19)[0m
[32meth_blockNumber (20)[0m
[32meth_blockNumber (21)[0m
[32meth_blockNumber (22)[0m
[32meth_blockNumber (23)[0m
[32meth_blockNumber (24)[0m
[32meth_blockNumber (25)[0m
[32meth_blockNumber (26)[0m
[32meth_blockNumber (27)[0m
[32meth_blockNumber (28)[0m
[32meth_blockNumber (29)[0m
[32meth_blockNumber (30)[0m
[32meth_blockNumber (31)[0m
[32meth_blockNumber (32)[0m
[32meth_blockNumber (33)[0m
[32meth_blockNumber (34)[0m
[32meth_blockNumber (35)[0m
[32meth_blockNumber (36)[0m
[32meth_blockNumber (37)[0m
[32meth_blockNumber (38)[0m
[32meth_blockNumber (39)[0m
[32meth_blockNumber (40)[0m
[32meth_blockNumber (41)[0m
[32meth_blockNumber (42)[0m
[32meth_blockNumber (43)[0m
[32meth_blockNumber (44)[0m
[32meth_blockNumber (45)[0m
[32meth_blockNumber (46)[0m
[32meth_blockNumber (47)[0m
[32meth_blockNumber (48)[0m
[32meth_blockNumber (49)[0m
[32meth_blockNumber (50)[0m
[32meth_blockNumber (51)[0m
[32meth_blockNumber (52)[0m
[32meth_blockNumber (53)[0m
[32meth_blockNumber (54)[0m
[32meth_blockNumber (55)[0m
[32meth_blockNumber (56)[0m
[32meth_blockNumber (57)[0m
[32meth_blockNumber (58)[0m
[32meth_blockNumber (59)[0m
[32meth_blockNumber (60)[0m
[32meth_blockNumber (61)[0m
[32meth_blockNumber (62)[0m
[32meth_blockNumber (63)[0m
[32mnet_version[0m
[32meth_blockNumber[0m
[32meth_blockNumber (2)[0m
[32meth_blockNumber (3)[0m
[32meth_blockNumber (4)[0m
[32meth_blockNumber (5)[0m
[32meth_blockNumber (6)[0m
[32meth_blockNumber (7)[0m
[32meth_blockNumber (8)[0m
[32meth_blockNumber (9)[0m
[32meth_blockNumber (10)[0m
[32meth_blockNumber (11)[0m
[32meth_blockNumber (12)[0m
[32meth_blockNumber (13)[0m
[32meth_blockNumber (14)[0m
[32meth_blockNumber (15)[0m
[32meth_blockNumber (16)[0m
[32meth_chainId[0m
[32meth_chainId (2)[0m
[32meth_chainId (3)[0m
[32meth_chainId (4)[0m
[32meth_chainId (5)[0m
[32meth_chainId (6)[0m
[32meth_blockNumber[0m
[32meth_chainId[0m
[32meth_blockNumber[0m
[32meth_blockNumber (2)[0m
[32meth_chainId[0m
[32meth_chainId (2)[0m
[32meth_blockNumber[0m
[32meth_blockNumber (2)[0m
[32meth_blockNumber (3)[0m
[32meth_blockNumber (4)[0m
[32meth_blockNumber (5)[0m
[32meth_blockNumber (6)[0m
[32meth_blockNumber (7)[0m
[32meth_blockNumber (8)[0m
[32meth_blockNumber (9)[0m
[32meth_blockNumber (10)[0m
[32meth_blockNumber (11)[0m
[32meth_blockNumber (12)[0m
[32meth_blockNumber (13)[0m
[32meth_blockNumber (14)[0m
[32meth_blockNumber (15)[0m
[32meth_blockNumber (16)[0m
[32meth_blockNumber (17)[0m
[32meth_blockNumber (18)[0m
[32meth_blockNumber (19)[0m
[32meth_blockNumber (20)[0m
[32meth_blockNumber (21)[0m
[32meth_blockNumber (22)[0m
[32meth_blockNumber (23)[0m
[32meth_blockNumber (24)[0m
[32meth_blockNumber (25)[0m
[32meth_blockNumber (26)[0m
[32meth_blockNumber (27)[0m
[32meth_blockNumber (28)[0m
[32meth_blockNumber (29)[0m
[32meth_blockNumber (30)[0m
[32meth_blockNumber (31)[0m
[32meth_blockNumber (32)[0m
[32meth_blockNumber (33)[0m
[32meth_blockNumber (34)[0m
[32meth_blockNumber (35)[0m
[32meth_blockNumber (36)[0m
[32meth_blockNumber (37)[0m
[32meth_blockNumber (38)[0m
[32meth_blockNumber (39)[0m
[32meth_blockNumber (40)[0m
[32meth_blockNumber (41)[0m
[32meth_blockNumber (42)[0m
[32meth_blockNumber (43)[0m
[32meth_blockNumber (44)[0m
[32meth_blockNumber (45)[0m
[32meth_blockNumber (46)[0m
[32meth_blockNumber (47)[0m
[32meth_blockNumber (48)[0m
[32meth_blockNumber (49)[0m
[32meth_blockNumber (50)[0m
[32meth_blockNumber (51)[0m
[32meth_blockNumber (52)[0m
[32meth_blockNumber (53)[0m
[32meth_blockNumber (54)[0m
[32meth_blockNumber (55)[0m
[32meth_blockNumber (56)[0m
[32meth_blockNumber (57)[0m
[32meth_blockNumber (58)[0m
[32meth_blockNumber (59)[0m
[32meth_blockNumber (60)[0m
[32meth_blockNumber (61)[0m
[32meth_blockNumber (62)[0m
[32meth_blockNumber (63)[0m
[32meth_blockNumber (64)[0m
[32meth_blockNumber (65)[0m
[32meth_blockNumber (66)[0m
[32meth_blockNumber (67)[0m
[32meth_blockNumber (68)[0m
[32meth_blockNumber (69)[0m
[32meth_blockNumber (70)[0m
[32meth_blockNumber (71)[0m
[32meth_blockNumber (72)[0m
[32meth_blockNumber (73)[0m
[32meth_blockNumber (74)[0m
[32meth_blockNumber (75)[0m
[32meth_blockNumber (76)[0m
[32meth_blockNumber (77)[0m
[32meth_blockNumber (78)[0m
[32meth_blockNumber (79)[0m
[32meth_blockNumber (80)[0m
[32meth_blockNumber (81)[0m
[32meth_blockNumber (82)[0m
[32meth_blockNumber (83)[0m
[32meth_blockNumber (84)[0m
[32meth_blockNumber (85)[0m
[32meth_blockNumber (86)[0m
[32meth_blockNumber (87)[0m
[32meth_blockNumber (88)[0m
[32meth_blockNumber (89)[0m
[32meth_blockNumber (90)[0m
[32meth_blockNumber (91)[0m
[32meth_blockNumber (92)[0m
[32meth_blockNumber (93)[0m
[32meth_blockNumber (94)[0m
[32meth_blockNumber (95)[0m
[32meth_blockNumber (96)[0m
[32meth_blockNumber (97)[0m
[32meth_blockNumber (98)[0m
[32meth_blockNumber (99)[0m
[32meth_blockNumber (100)[0m
[32meth_blockNumber (101)[0m
[32meth_blockNumber (102)[0m
[32meth_blockNumber (103)[0m
[32meth_blockNumber (104)[0m
[32meth_blockNumber (105)[0m
[32meth_blockNumber (106)[0m
[32meth_blockNumber (107)[0m
[32meth_blockNumber (108)[0m
[32meth_blockNumber (109)[0m
[32meth_blockNumber (110)[0m
[32meth_blockNumber (111)[0m
[32meth_blockNumber (112)[0m
[32meth_blockNumber (113)[0m
[32meth_blockNumber (114)[0m
[32meth_blockNumber (115)[0m
[32meth_blockNumber (116)[0m
[32meth_blockNumber (117)[0m
[32meth_blockNumber (118)[0m
[32meth_blockNumber (119)[0m
[32meth_blockNumber (120)[0m
[32meth_blockNumber (121)[0m
[32meth_blockNumber (122)[0m
[32meth_blockNumber (123)[0m
[32meth_blockNumber (124)[0m
[32meth_blockNumber (125)[0m
[32meth_blockNumber (126)[0m
[32meth_blockNumber (127)[0m
[32meth_blockNumber (128)[0m
[32meth_blockNumber (129)[0m
[32meth_blockNumber (130)[0m
[32meth_blockNumber (131)[0m
[32meth_blockNumber (132)[0m
[32meth_blockNumber (133)[0m
[32meth_blockNumber (134)[0m
[32meth_blockNumber (135)[0m
[32meth_blockNumber (136)[0m
[32meth_blockNumber (137)[0m
[32meth_blockNumber (138)[0m
[32meth_blockNumber (139)[0m
[32meth_blockNumber (140)[0m
[32meth_blockNumber (141)[0m
[32meth_blockNumber (142)[0m
[32meth_blockNumber (143)[0m
[32meth_blockNumber (144)[0m
[32meth_blockNumber (145)[0m
[32meth_blockNumber (146)[0m
[32meth_blockNumber (147)[0m
[32meth_blockNumber (148)[0m
[32meth_blockNumber (149)[0m
[32meth_blockNumber (150)[0m
[32meth_blockNumber (151)[0m
[32meth_blockNumber (152)[0m
[32meth_blockNumber (153)[0m
[32meth_blockNumber (154)[0m
[32meth_blockNumber (155)[0m
[32meth_blockNumber (156)[0m
[32meth_blockNumber (157)[0m
[32meth_blockNumber (158)[0m
[32meth_blockNumber (159)[0m
[32meth_blockNumber (160)[0m
[32meth_blockNumber (161)[0m
[32meth_blockNumber (162)[0m
[32meth_blockNumber (163)[0m
[32meth_blockNumber (164)[0m
[32meth_blockNumber (165)[0m
[32meth_blockNumber (166)[0m
[32meth_blockNumber (167)[0m
[32meth_blockNumber (168)[0m
[32meth_blockNumber (169)[0m
[32meth_blockNumber (170)[0m
[32meth_blockNumber (171)[0m
[32meth_blockNumber (172)[0m
[32meth_blockNumber (173)[0m
[32meth_blockNumber (174)[0m
[32meth_blockNumber (175)[0m
[32meth_blockNumber (176)[0m
[32meth_blockNumber (177)[0m
[32meth_blockNumber (178)[0m
[32meth_blockNumber (179)[0m
[32meth_blockNumber (180)[0m
[32meth_blockNumber (181)[0m
[32meth_blockNumber (182)[0m
[32meth_blockNumber (183)[0m
[32meth_blockNumber (184)[0m
[32meth_blockNumber (185)[0m
[32meth_blockNumber (186)[0m
[32meth_blockNumber (187)[0m
[32meth_blockNumber (188)[0m
[32meth_blockNumber (189)[0m
[32meth_blockNumber (190)[0m
[32meth_blockNumber (191)[0m
[32meth_blockNumber (192)[0m
[32meth_blockNumber (193)[0m
[32meth_blockNumber (194)[0m
[32mnet_version[0m
[32meth_blockNumber[0m
[32meth_blockNumber (2)[0m
[32meth_blockNumber (3)[0m
[32meth_blockNumber (4)[0m
[32meth_blockNumber (5)[0m
[32meth_blockNumber (6)[0m
[32meth_blockNumber (7)[0m
[32meth_blockNumber (8)[0m
[32meth_blockNumber (9)[0m
[32meth_blockNumber (10)[0m
[32meth_blockNumber (11)[0m
[32meth_blockNumber (12)[0m
[32meth_blockNumber (13)[0m
[32meth_blockNumber (14)[0m
[32meth_blockNumber (15)[0m
[32meth_blockNumber (16)[0m
[32meth_blockNumber (17)[0m
[32meth_blockNumber (18)[0m
[32meth_blockNumber (19)[0m
[32meth_blockNumber (20)[0m
[32meth_blockNumber (21)[0m
[32meth_blockNumber (22)[0m
[32meth_blockNumber (23)[0m
[32meth_blockNumber (24)[0m
[32meth_blockNumber (25)[0m
[32meth_blockNumber (26)[0m
[32meth_blockNumber (27)[0m
[32meth_blockNumber (28)[0m
[32meth_blockNumber (29)[0m
[32meth_blockNumber (30)[0m
[32meth_blockNumber (31)[0m
[32meth_blockNumber (32)[0m
[32meth_blockNumber (33)[0m
[32meth_blockNumber (34)[0m
[32meth_blockNumber (35)[0m
[32meth_blockNumber (36)[0m
[32meth_blockNumber (37)[0m
[32meth_blockNumber (38)[0m
[32meth_blockNumber (39)[0m
[32meth_blockNumber (40)[0m
[32meth_blockNumber (41)[0m
[32meth_blockNumber (42)[0m
[32meth_blockNumber (43)[0m
[32meth_blockNumber (44)[0m
[32meth_blockNumber (45)[0m
[32meth_blockNumber (46)[0m
[32meth_blockNumber (47)[0m
[32meth_blockNumber (48)[0m
[32meth_blockNumber (49)[0m
[32meth_blockNumber (50)[0m
[32meth_blockNumber (51)[0m
[32meth_blockNumber (52)[0m
[32meth_blockNumber (53)[0m
[32meth_blockNumber (54)[0m
[32meth_blockNumber (55)[0m
[32meth_blockNumber (56)[0m
[32meth_blockNumber (57)[0m
[32meth_blockNumber (58)[0m
[32meth_blockNumber (59)[0m
[32meth_blockNumber (60)[0m
[32meth_blockNumber (61)[0m
[32meth_blockNumber (62)[0m
[32meth_blockNumber (63)[0m
[32meth_blockNumber (64)[0m
[32meth_blockNumber (65)[0m
[32meth_blockNumber (66)[0m
[32meth_blockNumber (67)[0m
[32meth_blockNumber (68)[0m
[32meth_blockNumber (69)[0m
[32meth_blockNumber (70)[0m
[32meth_blockNumber (71)[0m
[32meth_blockNumber (72)[0m
[32meth_blockNumber (73)[0m
[32meth_blockNumber (74)[0m
[32meth_blockNumber (75)[0m
[32meth_blockNumber (76)[0m
[32meth_blockNumber (77)[0m
[32meth_blockNumber (78)[0m
[32meth_blockNumber (79)[0m
[32meth_blockNumber (80)[0m
[32meth_blockNumber (81)[0m
[32meth_blockNumber (82)[0m
[32meth_blockNumber (83)[0m
[32meth_blockNumber (84)[0m
[32meth_blockNumber (85)[0m
[32meth_blockNumber (86)[0m
[32meth_blockNumber (87)[0m
[32meth_blockNumber (88)[0m
[32meth_blockNumber (89)[0m
[32meth_blockNumber (90)[0m
[32meth_blockNumber (91)[0m
[32meth_blockNumber (92)[0m
[32meth_blockNumber (93)[0m
[32meth_blockNumber (94)[0m
[32meth_blockNumber (95)[0m
[32meth_blockNumber (96)[0m
[32meth_blockNumber (97)[0m
[32meth_blockNumber (98)[0m
[32meth_blockNumber (99)[0m
[32meth_blockNumber (100)[0m
[32meth_blockNumber (101)[0m
[32meth_blockNumber (102)[0m
[32meth_blockNumber (103)[0m
[32meth_blockNumber (104)[0m
[32meth_blockNumber (105)[0m
[32meth_blockNumber (106)[0m
[32meth_blockNumber (107)[0m
[32meth_blockNumber (108)[0m
[32meth_blockNumber (109)[0m
[32meth_blockNumber (110)[0m
[32meth_blockNumber (111)[0m
[32meth_blockNumber (112)[0m
[32meth_blockNumber (113)[0m
[32meth_blockNumber (114)[0m
[32meth_blockNumber (115)[0m
[32meth_blockNumber (116)[0m
[32meth_blockNumber (117)[0m
[32meth_blockNumber (118)[0m
[32meth_blockNumber (119)[0m
[32meth_blockNumber (120)[0m
[32meth_blockNumber (121)[0m
[32meth_blockNumber (122)[0m
[32meth_blockNumber (123)[0m
[32meth_blockNumber (124)[0m
[32meth_blockNumber (125)[0m
[32meth_blockNumber (126)[0m
[32meth_blockNumber (127)[0m
[32meth_blockNumber (128)[0m
[32meth_blockNumber (129)[0m
[32meth_blockNumber (130)[0m
[32meth_blockNumber (131)[0m
[32meth_blockNumber (132)[0m
[32meth_blockNumber (133)[0m
[32meth_blockNumber (134)[0m
[32meth_blockNumber (135)[0m
[32meth_blockNumber (136)[0m
[32meth_blockNumber (137)[0m
[32meth_blockNumber (138)[0m
[32meth_blockNumber (139)[0m
[32meth_blockNumber (140)[0m
[32meth_blockNumber (141)[0m
[32meth_blockNumber (142)[0m
[32meth_blockNumber (143)[0m
[32meth_blockNumber (144)[0m
[32meth_blockNumber (145)[0m
[32meth_blockNumber (146)[0m
[32meth_blockNumber (147)[0m
[32meth_blockNumber (148)[0m
[32meth_blockNumber (149)[0m
[32meth_blockNumber (150)[0m
[32meth_blockNumber (151)[0m
[32meth_blockNumber (152)[0m
[32meth_blockNumber (153)[0m
[32meth_blockNumber (154)[0m
[32meth_blockNumber (155)[0m
[32meth_blockNumber (156)[0m
[32meth_blockNumber (157)[0m
[32meth_blockNumber (158)[0m
[32meth_blockNumber (159)[0m
[32meth_blockNumber (160)[0m
[32meth_blockNumber (161)[0m
[32meth_blockNumber (162)[0m
[32meth_blockNumber (163)[0m
[32meth_blockNumber (164)[0m
[32meth_blockNumber (165)[0m
[32meth_blockNumber (166)[0m
[32meth_blockNumber (167)[0m
[32meth_blockNumber (168)[0m
[32meth_blockNumber (169)[0m
[32meth_blockNumber (170)[0m
[32meth_blockNumber (171)[0m
[32meth_blockNumber (172)[0m
[32meth_blockNumber (173)[0m
[32meth_blockNumber (174)[0m
[32meth_blockNumber (175)[0m
[32meth_blockNumber (176)[0m
[32meth_blockNumber (177)[0m
[32meth_blockNumber (178)[0m
[32meth_blockNumber (179)[0m
[32meth_blockNumber (180)[0m
[32meth_blockNumber (181)[0m
[32meth_blockNumber (182)[0m
[32meth_blockNumber (183)[0m
[32meth_blockNumber (184)[0m
[32meth_blockNumber (185)[0m
[32meth_blockNumber (186)[0m
[32meth_blockNumber (187)[0m
[32meth_blockNumber (188)[0m
[32meth_blockNumber (189)[0m
[32meth_blockNumber (190)[0m
[32meth_blockNumber (191)[0m
[32meth_blockNumber (192)[0m
[32meth_blockNumber (193)[0m
[32meth_blockNumber (194)[0m
[32meth_blockNumber (195)[0m
[32meth_blockNumber (196)[0m
[32meth_blockNumber (197)[0m
[32meth_blockNumber (198)[0m
[32meth_blockNumber (199)[0m
[32meth_blockNumber (200)[0m
[32meth_blockNumber (201)[0m
[32meth_blockNumber (202)[0m
[32meth_blockNumber (203)[0m
[32meth_blockNumber (204)[0m
[32meth_blockNumber (205)[0m
[32meth_accounts[0m
[32meth_blockNumber[0m
[32meth_blockNumber (2)[0m
[32meth_blockNumber (3)[0m
[32meth_blockNumber (4)[0m
[32meth_blockNumber (5)[0m
[32meth_blockNumber (6)[0m
[32meth_accounts[0m
[32meth_chainId[0m
[32meth_getBalance[0m
[32meth_getBalance (2)[0m
[32meth_chainId[0m
[32meth_chainId (2)[0m
[32meth_blockNumber[0m
[32meth_blockNumber (2)[0m
[32meth_blockNumber (3)[0m
[32meth_blockNumber (4)[0m
[32meth_blockNumber (5)[0m
[32meth_chainId[0m
[32meth_chainId (2)[0m
[32meth_blockNumber[0m
[32meth_accounts[0m
[32meth_chainId[0m
[32meth_chainId (2)[0m
[32meth_accounts[0m
[32meth_call[0m
  Contract call:       <UnrecognizedContract>
  From:                0xf39fd6e51aad88f6f4ce6ab8827279cfffb92266
  To:                  0x5fbdb2315678afecb367f032d93f642f64180aa3

[32meth_blockNumber[0m
[32meth_chainId[0m
[32meth_sendTransaction[0m
  Contract call:       <UnrecognizedContract>
  Transaction:         0x98b36c3a6ca79080cf4003f99f87000e7cd4307b4ce56abec596a27735f92b3a
  From:                0xf39fd6e51aad88f6f4ce6ab8827279cfffb92266
  To:                  0x5fbdb2315678afecb367f032d93f642f64180aa3
  Value:               0 ETH
  Gas used:            80423 of 500000
  Block #29:           0xae7a5b06405f194515ae996292c7f0658d81bc0da035acdffb6482e90ccc93ab

[32meth_chainId[0m
[32meth_getTransactionByHash[0m
[32meth_chainId[0m
[32meth_getTransactionReceipt[0m
[32meth_blockNumber[0m
[32meth_getBalance[0m
[32meth_getBalance (2)[0m
[32meth_getBalance (3)[0m
[32meth_blockNumber[0m
[32meth_accounts[0m
[32meth_blockNumber[0m
[32meth_chainId[0m
[32meth_getBalance[0m
[32meth_getBalance (2)[0m
[32meth_chainId[0m
[32meth_chainId (2)[0m
[32meth_blockNumber[0m
[32meth_blockNumber (2)[0m
[32meth_blockNumber (3)[0m
[32meth_blockNumber (4)[0m
[32meth_blockNumber (5)[0m
[32meth_blockNumber (6)[0m
[32meth_blockNumber (7)[0m
[32meth_blockNumber (8)[0m
[32meth_blockNumber (9)[0m
[32meth_blockNumber (10)[0m
[32meth_blockNumber (11)[0m
[32meth_blockNumber (12)[0m
[32meth_blockNumber (13)[0m
[32meth_blockNumber (14)[0m
[32meth_blockNumber (15)[0m
[32meth_blockNumber (16)[0m
[32meth_blockNumber (17)[0m
[32meth_blockNumber (18)[0m
[32meth_blockNumber (19)[0m
[32meth_chainId[0m
[32meth_chainId (2)[0m
[32meth_blockNumber[0m
[32meth_accounts[0m
[32meth_chainId[0m
[32meth_chainId (2)[0m
[32meth_call[0m
  Contract call:       <UnrecognizedContract>
  From:                0xf39fd6e51aad88f6f4ce6ab8827279cfffb92266
  To:                  0x5fbdb2315678afecb367f032d93f642f64180aa3

[32meth_blockNumber[0m
[32meth_chainId[0m
[32meth_sendTransaction[0m
  Contract call:       <UnrecognizedContract>
  Transaction:         0xeaa6276726a52109b560164c7b1426c6a1b8253e389869da75126e21b385dd29
  From:                0xf39fd6e51aad88f6f4ce6ab8827279cfffb92266
  To:                  0x5fbdb2315678afecb367f032d93f642f64180aa3
  Value:               0 ETH
  Gas used:            63323 of 500000
  Block #30:           0x86e21156ea10696b762701ca2625c74d6f8bedaaa03cc54a4a6bc727e5cacd3f

[32meth_chainId[0m
[32meth_getTransactionByHash[0m
[32meth_chainId[0m
[32meth_getTransactionReceipt[0m
[32meth_blockNumber[0m
[32meth_getBalance[0m
[32meth_getBalance (2)[0m
[32meth_getBalance (3)[0m
[32meth_accounts[0m
[32meth_blockNumber[0m
[32meth_chainId[0m
[32meth_getBalance[0m
[32meth_getBalance (2)[0m
[32meth_chainId[0m
[32meth_chainId (2)[0m
[32meth_blockNumber[0m
[32meth_blockNumber (2)[0m
[32meth_blockNumber (3)[0m
[32meth_blockNumber (4)[0m
[32meth_blockNumber (5)[0m
[32meth_blockNumber (6)[0m
[32meth_blockNumber (7)[0m
[32meth_blockNumber (8)[0m
[32meth_blockNumber (9)[0m
[32meth_blockNumber (10)[0m
[32meth_blockNumber (11)[0m
