
> se-2@0.0.1 postinstall
> husky


up to date, audited 3629 packages in 4s

384 packages are looking for funding
  run `npm fund` for details

11 low severity vulnerabilities

Some issues need review, and may require choosing
a different dependency.

Run `npm audit` for details.
Deploying ERC1155 NFT contracts...
Error deploying ERC1155 contracts: HardhatError: HH108: Cannot connect to the network localhost.
Please make sure your node is running, and check your internet connection and networks config
    at HttpProvider._fetchJsonRpcResponse (/home/tmone/opensea-qc/node_modules/hardhat/src/internal/core/providers/http.ts:240:15)
    at processTicksAndRejections (node:internal/process/task_queues:95:5)
    at async HttpProvider.request (/home/tmone/opensea-qc/node_modules/hardhat/src/internal/core/providers/http.ts:104:29)
    at async getSigners (/home/tmone/opensea-qc/components/erc1155/node_modules/@nomicfoundation/hardhat-ethers/src/internal/helpers.ts:46:16)
    at async getContractFactoryByAbiAndBytecode (/home/tmone/opensea-qc/components/erc1155/node_modules/@nomicfoundation/hardhat-ethers/src/internal/helpers.ts:318:21)
    at async main (/home/tmone/opensea-qc/components/erc1155/scripts/deploy.js:8:27)

    Caused by: Error: connect ECONNREFUSED 127.0.0.1:8545
        at TCPConnectWrap.afterConnect [as oncomplete] (node:net:1611:16)

> se-2@0.0.1 postinstall
> husky


removed 63 packages, changed 2 packages, and audited 5370 packages in 4s

386 packages are looking for funding
  run `npm fund` for details

11 low severity vulnerabilities

Some issues need review, and may require choosing
a different dependency.

Run `npm audit` for details.
Deploying ERC1155 NFT contracts...
ModernERC1155 deployed to: 0xe7f1725E7734CE288F8367e1Bb143E90bb3F0512
ERC1155 deployment completed successfully!

> se-2@0.0.1 postinstall
> husky


up to date, audited 5037 packages in 4s

386 packages are looking for funding
  run `npm fund` for details

11 low severity vulnerabilities

Some issues need review, and may require choosing
a different dependency.

Run `npm audit` for details.
Deploying ERC1155 NFT contracts...
ModernERC1155 deployed to: 0xe7f1725E7734CE288F8367e1Bb143E90bb3F0512
ERC1155 deployment completed successfully!
npm warn EBADENGINE Unsupported engine {
npm warn EBADENGINE   package: '@opensea/seaport-js@4.0.4',
npm warn EBADENGINE   required: { node: '>=20.0.0' },
npm warn EBADENGINE   current: { node: 'v18.20.8', npm: '10.8.2' }
npm warn EBADENGINE }
npm warn EBADENGINE Unsupported engine {
npm warn EBADENGINE   package: 'bgipfs@0.0.12',
npm warn EBADENGINE   required: { node: '>=20.0.0' },
npm warn EBADENGINE   current: { node: 'v18.20.8', npm: '10.8.2' }
npm warn EBADENGINE }
npm warn EBADENGINE Unsupported engine {
npm warn EBADENGINE   package: 'got@14.4.7',
npm warn EBADENGINE   required: { node: '>=20' },
npm warn EBADENGINE   current: { node: 'v18.20.8', npm: '10.8.2' }
npm warn EBADENGINE }
npm warn EBADENGINE Unsupported engine {
npm warn EBADENGINE   package: 'opensea-js@7.1.18',
npm warn EBADENGINE   required: { node: '>=20.0.0' },
npm warn EBADENGINE   current: { node: 'v18.20.8', npm: '10.8.2' }
npm warn EBADENGINE }

> se-2@0.0.1 postinstall
> husky


up to date, audited 5057 packages in 11s

127 packages are looking for funding
  run `npm fund` for details

10 low severity vulnerabilities

Some issues need review, and may require choosing
a different dependency.

Run `npm audit` for details.
Deploying ERC1155 NFT contracts...
ModernERC1155 deployed to: 0x9fE46736679d2D9a65F0992F2272dE9f3c7fa6e0
ERC1155 deployment completed successfully!
npm warn EBADENGINE Unsupported engine {
npm warn EBADENGINE   package: '@opensea/seaport-js@4.0.4',
npm warn EBADENGINE   required: { node: '>=20.0.0' },
npm warn EBADENGINE   current: { node: 'v18.20.8', npm: '10.8.2' }
npm warn EBADENGINE }
npm warn EBADENGINE Unsupported engine {
npm warn EBADENGINE   package: 'bgipfs@0.0.12',
npm warn EBADENGINE   required: { node: '>=20.0.0' },
npm warn EBADENGINE   current: { node: 'v18.20.8', npm: '10.8.2' }
npm warn EBADENGINE }
npm warn EBADENGINE Unsupported engine {
npm warn EBADENGINE   package: 'got@14.4.7',
npm warn EBADENGINE   required: { node: '>=20' },
npm warn EBADENGINE   current: { node: 'v18.20.8', npm: '10.8.2' }
npm warn EBADENGINE }
npm warn EBADENGINE Unsupported engine {
npm warn EBADENGINE   package: 'opensea-js@7.1.18',
npm warn EBADENGINE   required: { node: '>=20.0.0' },
npm warn EBADENGINE   current: { node: 'v18.20.8', npm: '10.8.2' }
npm warn EBADENGINE }

> se-2@0.0.1 postinstall
> husky


up to date, audited 5054 packages in 8s

448 packages are looking for funding
  run `npm fund` for details

10 low severity vulnerabilities

Some issues need review, and may require choosing
a different dependency.

Run `npm audit` for details.
Deploying ERC1155 NFT contracts...
ModernERC1155 deployed to: 0xDc64a140Aa3E981100a9becA4E685f962f0cF6C9
ERC1155 deployment completed successfully!
npm warn EBADENGINE Unsupported engine {
npm warn EBADENGINE   package: '@opensea/seaport-js@4.0.4',
npm warn EBADENGINE   required: { node: '>=20.0.0' },
npm warn EBADENGINE   current: { node: 'v18.20.8', npm: '10.8.2' }
npm warn EBADENGINE }
npm warn EBADENGINE Unsupported engine {
npm warn EBADENGINE   package: 'bgipfs@0.0.12',
npm warn EBADENGINE   required: { node: '>=20.0.0' },
npm warn EBADENGINE   current: { node: 'v18.20.8', npm: '10.8.2' }
npm warn EBADENGINE }
npm warn EBADENGINE Unsupported engine {
npm warn EBADENGINE   package: 'got@14.4.7',
npm warn EBADENGINE   required: { node: '>=20' },
npm warn EBADENGINE   current: { node: 'v18.20.8', npm: '10.8.2' }
npm warn EBADENGINE }
npm warn EBADENGINE Unsupported engine {
npm warn EBADENGINE   package: 'opensea-js@7.1.18',
npm warn EBADENGINE   required: { node: '>=20.0.0' },
npm warn EBADENGINE   current: { node: 'v18.20.8', npm: '10.8.2' }
npm warn EBADENGINE }

> se-2@0.0.1 postinstall
> husky


up to date, audited 5054 packages in 7s

448 packages are looking for funding
  run `npm fund` for details

10 low severity vulnerabilities

Some issues need review, and may require choosing
a different dependency.

Run `npm audit` for details.
Deploying ERC1155 NFT contracts...
ModernERC1155 deployed to: 0x0165878A594ca255338adfa4d48449f69242Eb8F
ERC1155 deployment completed successfully!
npm warn EBADENGINE Unsupported engine {
npm warn EBADENGINE   package: '@opensea/seaport-js@4.0.4',
npm warn EBADENGINE   required: { node: '>=20.0.0' },
npm warn EBADENGINE   current: { node: 'v18.20.8', npm: '10.8.2' }
npm warn EBADENGINE }
npm warn EBADENGINE Unsupported engine {
npm warn EBADENGINE   package: 'bgipfs@0.0.12',
npm warn EBADENGINE   required: { node: '>=20.0.0' },
npm warn EBADENGINE   current: { node: 'v18.20.8', npm: '10.8.2' }
npm warn EBADENGINE }
npm warn EBADENGINE Unsupported engine {
npm warn EBADENGINE   package: 'got@14.4.7',
npm warn EBADENGINE   required: { node: '>=20' },
npm warn EBADENGINE   current: { node: 'v18.20.8', npm: '10.8.2' }
npm warn EBADENGINE }
npm warn EBADENGINE Unsupported engine {
npm warn EBADENGINE   package: 'opensea-js@7.1.18',
npm warn EBADENGINE   required: { node: '>=20.0.0' },
npm warn EBADENGINE   current: { node: 'v18.20.8', npm: '10.8.2' }
npm warn EBADENGINE }

> se-2@0.0.1 postinstall
> husky


up to date, audited 5054 packages in 8s

448 packages are looking for funding
  run `npm fund` for details

10 low severity vulnerabilities

Some issues need review, and may require choosing
a different dependency.

Run `npm audit` for details.
Deploying ERC1155 NFT contracts...
ModernERC1155 deployed to: 0x9fE46736679d2D9a65F0992F2272dE9f3c7fa6e0
ERC1155 deployment completed successfully!
npm warn EBADENGINE Unsupported engine {
npm warn EBADENGINE   package: '@opensea/seaport-js@4.0.4',
npm warn EBADENGINE   required: { node: '>=20.0.0' },
npm warn EBADENGINE   current: { node: 'v18.20.8', npm: '10.8.2' }
npm warn EBADENGINE }
npm warn EBADENGINE Unsupported engine {
npm warn EBADENGINE   package: 'bgipfs@0.0.12',
npm warn EBADENGINE   required: { node: '>=20.0.0' },
npm warn EBADENGINE   current: { node: 'v18.20.8', npm: '10.8.2' }
npm warn EBADENGINE }
npm warn EBADENGINE Unsupported engine {
npm warn EBADENGINE   package: 'got@14.4.7',
npm warn EBADENGINE   required: { node: '>=20' },
npm warn EBADENGINE   current: { node: 'v18.20.8', npm: '10.8.2' }
npm warn EBADENGINE }
npm warn EBADENGINE Unsupported engine {
npm warn EBADENGINE   package: 'opensea-js@7.1.18',
npm warn EBADENGINE   required: { node: '>=20.0.0' },
npm warn EBADENGINE   current: { node: 'v18.20.8', npm: '10.8.2' }
npm warn EBADENGINE }

> se-2@0.0.1 postinstall
> husky


up to date, audited 4746 packages in 9s

448 packages are looking for funding
  run `npm fund` for details

10 low severity vulnerabilities

Some issues need review, and may require choosing
a different dependency.

Run `npm audit` for details.
Deploying ERC1155 NFT contracts...
ModernERC1155 deployed to: 0xe7f1725E7734CE288F8367e1Bb143E90bb3F0512
ERC1155 deployment completed successfully!
npm warn EBADENGINE Unsupported engine {
npm warn EBADENGINE   package: '@opensea/seaport-js@4.0.4',
npm warn EBADENGINE   required: { node: '>=20.0.0' },
npm warn EBADENGINE   current: { node: 'v18.20.8', npm: '10.8.2' }
npm warn EBADENGINE }
npm warn EBADENGINE Unsupported engine {
npm warn EBADENGINE   package: 'bgipfs@0.0.12',
npm warn EBADENGINE   required: { node: '>=20.0.0' },
npm warn EBADENGINE   current: { node: 'v18.20.8', npm: '10.8.2' }
npm warn EBADENGINE }
npm warn EBADENGINE Unsupported engine {
npm warn EBADENGINE   package: 'got@14.4.7',
npm warn EBADENGINE   required: { node: '>=20' },
npm warn EBADENGINE   current: { node: 'v18.20.8', npm: '10.8.2' }
npm warn EBADENGINE }
npm warn EBADENGINE Unsupported engine {
npm warn EBADENGINE   package: 'opensea-js@7.1.18',
npm warn EBADENGINE   required: { node: '>=20.0.0' },
npm warn EBADENGINE   current: { node: 'v18.20.8', npm: '10.8.2' }
npm warn EBADENGINE }

> se-2@0.0.1 postinstall
> husky


up to date, audited 4746 packages in 7s

448 packages are looking for funding
  run `npm fund` for details

10 low severity vulnerabilities

Some issues need review, and may require choosing
a different dependency.

Run `npm audit` for details.
Deploying ERC1155 NFT contracts...
ModernERC1155 deployed to: 0x5FbDB2315678afecb367f032d93F642f64180aa3
ERC1155 deployment completed successfully!
npm warn EBADENGINE Unsupported engine {
npm warn EBADENGINE   package: '@opensea/seaport-js@4.0.4',
npm warn EBADENGINE   required: { node: '>=20.0.0' },
npm warn EBADENGINE   current: { node: 'v18.20.8', npm: '10.8.2' }
npm warn EBADENGINE }
npm warn EBADENGINE Unsupported engine {
npm warn EBADENGINE   package: 'bgipfs@0.0.12',
npm warn EBADENGINE   required: { node: '>=20.0.0' },
npm warn EBADENGINE   current: { node: 'v18.20.8', npm: '10.8.2' }
npm warn EBADENGINE }
npm warn EBADENGINE Unsupported engine {
npm warn EBADENGINE   package: 'got@14.4.7',
npm warn EBADENGINE   required: { node: '>=20' },
npm warn EBADENGINE   current: { node: 'v18.20.8', npm: '10.8.2' }
npm warn EBADENGINE }
npm warn EBADENGINE Unsupported engine {
npm warn EBADENGINE   package: 'opensea-js@7.1.18',
npm warn EBADENGINE   required: { node: '>=20.0.0' },
npm warn EBADENGINE   current: { node: 'v18.20.8', npm: '10.8.2' }
npm warn EBADENGINE }

> se-2@0.0.1 postinstall
> husky


up to date, audited 4746 packages in 8s

448 packages are looking for funding
  run `npm fund` for details

10 low severity vulnerabilities

Some issues need review, and may require choosing
a different dependency.

Run `npm audit` for details.
Deploying ERC1155 NFT contracts...
ModernERC1155 deployed to: 0xe7f1725E7734CE288F8367e1Bb143E90bb3F0512
ERC1155 deployment completed successfully!
npm warn EBADENGINE Unsupported engine {
npm warn EBADENGINE   package: '@opensea/seaport-js@4.0.4',
npm warn EBADENGINE   required: { node: '>=20.0.0' },
npm warn EBADENGINE   current: { node: 'v18.20.8', npm: '10.8.2' }
npm warn EBADENGINE }
npm warn EBADENGINE Unsupported engine {
npm warn EBADENGINE   package: 'bgipfs@0.0.12',
npm warn EBADENGINE   required: { node: '>=20.0.0' },
npm warn EBADENGINE   current: { node: 'v18.20.8', npm: '10.8.2' }
npm warn EBADENGINE }
npm warn EBADENGINE Unsupported engine {
npm warn EBADENGINE   package: 'got@14.4.7',
npm warn EBADENGINE   required: { node: '>=20' },
npm warn EBADENGINE   current: { node: 'v18.20.8', npm: '10.8.2' }
npm warn EBADENGINE }
npm warn EBADENGINE Unsupported engine {
npm warn EBADENGINE   package: 'opensea-js@7.1.18',
npm warn EBADENGINE   required: { node: '>=20.0.0' },
npm warn EBADENGINE   current: { node: 'v18.20.8', npm: '10.8.2' }
npm warn EBADENGINE }

> se-2@0.0.1 postinstall
> husky


up to date, audited 4746 packages in 9s

448 packages are looking for funding
  run `npm fund` for details

10 low severity vulnerabilities

Some issues need review, and may require choosing
a different dependency.

Run `npm audit` for details.
Deploying ERC1155 NFT contracts...
ModernERC1155 deployed to: 0x9fE46736679d2D9a65F0992F2272dE9f3c7fa6e0
ERC1155 deployment completed successfully!
npm warn EBADENGINE Unsupported engine {
npm warn EBADENGINE   package: '@opensea/seaport-js@4.0.4',
npm warn EBADENGINE   required: { node: '>=20.0.0' },
npm warn EBADENGINE   current: { node: 'v18.20.8', npm: '10.8.2' }
npm warn EBADENGINE }
npm warn EBADENGINE Unsupported engine {
npm warn EBADENGINE   package: 'bgipfs@0.0.12',
npm warn EBADENGINE   required: { node: '>=20.0.0' },
npm warn EBADENGINE   current: { node: 'v18.20.8', npm: '10.8.2' }
npm warn EBADENGINE }
npm warn EBADENGINE Unsupported engine {
npm warn EBADENGINE   package: 'got@14.4.7',
npm warn EBADENGINE   required: { node: '>=20' },
npm warn EBADENGINE   current: { node: 'v18.20.8', npm: '10.8.2' }
npm warn EBADENGINE }
npm warn EBADENGINE Unsupported engine {
npm warn EBADENGINE   package: 'opensea-js@7.1.18',
npm warn EBADENGINE   required: { node: '>=20.0.0' },
npm warn EBADENGINE   current: { node: 'v18.20.8', npm: '10.8.2' }
npm warn EBADENGINE }

> se-2@0.0.1 postinstall
> husky


up to date, audited 4746 packages in 7s

448 packages are looking for funding
  run `npm fund` for details

10 low severity vulnerabilities

Some issues need review, and may require choosing
a different dependency.

Run `npm audit` for details.
Deploying ERC1155 NFT contracts...
ModernERC1155 deployed to: 0xe7f1725E7734CE288F8367e1Bb143E90bb3F0512
ERC1155 deployment completed successfully!
npm warn EBADENGINE Unsupported engine {
npm warn EBADENGINE   package: '@opensea/seaport-js@4.0.4',
npm warn EBADENGINE   required: { node: '>=20.0.0' },
npm warn EBADENGINE   current: { node: 'v18.20.8', npm: '10.8.2' }
npm warn EBADENGINE }
npm warn EBADENGINE Unsupported engine {
npm warn EBADENGINE   package: 'bgipfs@0.0.12',
npm warn EBADENGINE   required: { node: '>=20.0.0' },
npm warn EBADENGINE   current: { node: 'v18.20.8', npm: '10.8.2' }
npm warn EBADENGINE }
npm warn EBADENGINE Unsupported engine {
npm warn EBADENGINE   package: 'got@14.4.7',
npm warn EBADENGINE   required: { node: '>=20' },
npm warn EBADENGINE   current: { node: 'v18.20.8', npm: '10.8.2' }
npm warn EBADENGINE }
npm warn EBADENGINE Unsupported engine {
npm warn EBADENGINE   package: 'opensea-js@7.1.18',
npm warn EBADENGINE   required: { node: '>=20.0.0' },
npm warn EBADENGINE   current: { node: 'v18.20.8', npm: '10.8.2' }
npm warn EBADENGINE }

> se-2@0.0.1 postinstall
> husky


up to date, audited 4746 packages in 7s

448 packages are looking for funding
  run `npm fund` for details

10 low severity vulnerabilities

Some issues need review, and may require choosing
a different dependency.

Run `npm audit` for details.
Deploying ERC1155 NFT contracts...
ModernERC1155 deployed to: 0x5FbDB2315678afecb367f032d93F642f64180aa3
ERC1155 deployment completed successfully!
npm warn EBADENGINE Unsupported engine {
npm warn EBADENGINE   package: '@opensea/seaport-js@4.0.4',
npm warn EBADENGINE   required: { node: '>=20.0.0' },
npm warn EBADENGINE   current: { node: 'v18.20.8', npm: '10.8.2' }
npm warn EBADENGINE }
npm warn EBADENGINE Unsupported engine {
npm warn EBADENGINE   package: 'bgipfs@0.0.12',
npm warn EBADENGINE   required: { node: '>=20.0.0' },
npm warn EBADENGINE   current: { node: 'v18.20.8', npm: '10.8.2' }
npm warn EBADENGINE }
npm warn EBADENGINE Unsupported engine {
npm warn EBADENGINE   package: 'got@14.4.7',
npm warn EBADENGINE   required: { node: '>=20' },
npm warn EBADENGINE   current: { node: 'v18.20.8', npm: '10.8.2' }
npm warn EBADENGINE }
npm warn EBADENGINE Unsupported engine {
npm warn EBADENGINE   package: 'opensea-js@7.1.18',
npm warn EBADENGINE   required: { node: '>=20.0.0' },
npm warn EBADENGINE   current: { node: 'v18.20.8', npm: '10.8.2' }
npm warn EBADENGINE }

> se-2@0.0.1 postinstall
> husky


up to date, audited 4746 packages in 7s

448 packages are looking for funding
  run `npm fund` for details

10 low severity vulnerabilities

Some issues need review, and may require choosing
a different dependency.

Run `npm audit` for details.
Deploying ERC1155 NFT contracts...
ModernERC1155 deployed to: 0x9fE46736679d2D9a65F0992F2272dE9f3c7fa6e0
ERC1155 deployment completed successfully!
npm warn EBADENGINE Unsupported engine {
npm warn EBADENGINE   package: '@opensea/seaport-js@4.0.4',
npm warn EBADENGINE   required: { node: '>=20.0.0' },
npm warn EBADENGINE   current: { node: 'v18.20.8', npm: '10.8.2' }
npm warn EBADENGINE }
npm warn EBADENGINE Unsupported engine {
npm warn EBADENGINE   package: 'bgipfs@0.0.12',
npm warn EBADENGINE   required: { node: '>=20.0.0' },
npm warn EBADENGINE   current: { node: 'v18.20.8', npm: '10.8.2' }
npm warn EBADENGINE }
npm warn EBADENGINE Unsupported engine {
npm warn EBADENGINE   package: 'got@14.4.7',
npm warn EBADENGINE   required: { node: '>=20' },
npm warn EBADENGINE   current: { node: 'v18.20.8', npm: '10.8.2' }
npm warn EBADENGINE }
npm warn EBADENGINE Unsupported engine {
npm warn EBADENGINE   package: 'opensea-js@7.1.18',
npm warn EBADENGINE   required: { node: '>=20.0.0' },
npm warn EBADENGINE   current: { node: 'v18.20.8', npm: '10.8.2' }
npm warn EBADENGINE }

> se-2@0.0.1 postinstall
> husky


up to date, audited 4746 packages in 7s

448 packages are looking for funding
  run `npm fund` for details

10 low severity vulnerabilities

Some issues need review, and may require choosing
a different dependency.

Run `npm audit` for details.
Deploying ERC1155 NFT contracts...
ModernERC1155 deployed to: 0xe7f1725E7734CE288F8367e1Bb143E90bb3F0512
ERC1155 deployment completed successfully!
npm warn EBADENGINE Unsupported engine {
npm warn EBADENGINE   package: '@opensea/seaport-js@4.0.4',
npm warn EBADENGINE   required: { node: '>=20.0.0' },
npm warn EBADENGINE   current: { node: 'v18.20.8', npm: '10.8.2' }
npm warn EBADENGINE }
npm warn EBADENGINE Unsupported engine {
npm warn EBADENGINE   package: 'bgipfs@0.0.12',
npm warn EBADENGINE   required: { node: '>=20.0.0' },
npm warn EBADENGINE   current: { node: 'v18.20.8', npm: '10.8.2' }
npm warn EBADENGINE }
npm warn EBADENGINE Unsupported engine {
npm warn EBADENGINE   package: 'got@14.4.7',
npm warn EBADENGINE   required: { node: '>=20' },
npm warn EBADENGINE   current: { node: 'v18.20.8', npm: '10.8.2' }
npm warn EBADENGINE }
npm warn EBADENGINE Unsupported engine {
npm warn EBADENGINE   package: 'opensea-js@7.1.18',
npm warn EBADENGINE   required: { node: '>=20.0.0' },
npm warn EBADENGINE   current: { node: 'v18.20.8', npm: '10.8.2' }
npm warn EBADENGINE }

> se-2@0.0.1 postinstall
> husky


up to date, audited 4746 packages in 7s

448 packages are looking for funding
  run `npm fund` for details

10 low severity vulnerabilities

Some issues need review, and may require choosing
a different dependency.

Run `npm audit` for details.
Deploying ERC1155 NFT contracts...
ModernERC1155 deployed to: 0xe7f1725E7734CE288F8367e1Bb143E90bb3F0512
ERC1155 deployment completed successfully!
npm warn EBADENGINE Unsupported engine {
npm warn EBADENGINE   package: '@opensea/seaport-js@4.0.4',
npm warn EBADENGINE   required: { node: '>=20.0.0' },
npm warn EBADENGINE   current: { node: 'v18.20.8', npm: '10.8.2' }
npm warn EBADENGINE }
npm warn EBADENGINE Unsupported engine {
npm warn EBADENGINE   package: 'bgipfs@0.0.12',
npm warn EBADENGINE   required: { node: '>=20.0.0' },
npm warn EBADENGINE   current: { node: 'v18.20.8', npm: '10.8.2' }
npm warn EBADENGINE }
npm warn EBADENGINE Unsupported engine {
npm warn EBADENGINE   package: 'got@14.4.7',
npm warn EBADENGINE   required: { node: '>=20' },
npm warn EBADENGINE   current: { node: 'v18.20.8', npm: '10.8.2' }
npm warn EBADENGINE }
npm warn EBADENGINE Unsupported engine {
npm warn EBADENGINE   package: 'opensea-js@7.1.18',
npm warn EBADENGINE   required: { node: '>=20.0.0' },
npm warn EBADENGINE   current: { node: 'v18.20.8', npm: '10.8.2' }
npm warn EBADENGINE }

> se-2@0.0.1 postinstall
> husky


up to date, audited 4746 packages in 7s

448 packages are looking for funding
  run `npm fund` for details

10 low severity vulnerabilities

Some issues need review, and may require choosing
a different dependency.

Run `npm audit` for details.
Compiled 1 Solidity file successfully (evm target: london).
Deploying ERC1155 NFT contracts...
ModernERC1155 deployed to: 0xe7f1725E7734CE288F8367e1Bb143E90bb3F0512
ERC1155 deployment completed successfully!
npm warn EBADENGINE Unsupported engine {
npm warn EBADENGINE   package: '@opensea/seaport-js@4.0.4',
npm warn EBADENGINE   required: { node: '>=20.0.0' },
npm warn EBADENGINE   current: { node: 'v18.20.8', npm: '10.8.2' }
npm warn EBADENGINE }
npm warn EBADENGINE Unsupported engine {
npm warn EBADENGINE   package: 'bgipfs@0.0.12',
npm warn EBADENGINE   required: { node: '>=20.0.0' },
npm warn EBADENGINE   current: { node: 'v18.20.8', npm: '10.8.2' }
npm warn EBADENGINE }
npm warn EBADENGINE Unsupported engine {
npm warn EBADENGINE   package: 'got@14.4.7',
npm warn EBADENGINE   required: { node: '>=20' },
npm warn EBADENGINE   current: { node: 'v18.20.8', npm: '10.8.2' }
npm warn EBADENGINE }
npm warn EBADENGINE Unsupported engine {
npm warn EBADENGINE   package: 'opensea-js@7.1.18',
npm warn EBADENGINE   required: { node: '>=20.0.0' },
npm warn EBADENGINE   current: { node: 'v18.20.8', npm: '10.8.2' }
npm warn EBADENGINE }

> se-2@0.0.1 postinstall
> husky


up to date, audited 4746 packages in 7s

448 packages are looking for funding
  run `npm fund` for details

10 low severity vulnerabilities

Some issues need review, and may require choosing
a different dependency.

Run `npm audit` for details.
Deploying ERC1155 NFT contracts...
ModernERC1155 deployed to: 0x7a2088a1bFc9d81c55368AE168C2C02570cB814F
ERC1155 deployment completed successfully!
npm warn EBADENGINE Unsupported engine {
npm warn EBADENGINE   package: '@opensea/seaport-js@4.0.4',
npm warn EBADENGINE   required: { node: '>=20.0.0' },
npm warn EBADENGINE   current: { node: 'v18.20.8', npm: '10.8.2' }
npm warn EBADENGINE }
npm warn EBADENGINE Unsupported engine {
npm warn EBADENGINE   package: 'bgipfs@0.0.12',
npm warn EBADENGINE   required: { node: '>=20.0.0' },
npm warn EBADENGINE   current: { node: 'v18.20.8', npm: '10.8.2' }
npm warn EBADENGINE }
npm warn EBADENGINE Unsupported engine {
npm warn EBADENGINE   package: 'got@14.4.7',
npm warn EBADENGINE   required: { node: '>=20' },
npm warn EBADENGINE   current: { node: 'v18.20.8', npm: '10.8.2' }
npm warn EBADENGINE }
npm warn EBADENGINE Unsupported engine {
npm warn EBADENGINE   package: 'opensea-js@7.1.18',
npm warn EBADENGINE   required: { node: '>=20.0.0' },
npm warn EBADENGINE   current: { node: 'v18.20.8', npm: '10.8.2' }
npm warn EBADENGINE }

> se-2@0.0.1 postinstall
> husky


up to date, audited 4746 packages in 7s

448 packages are looking for funding
  run `npm fund` for details

10 low severity vulnerabilities

Some issues need review, and may require choosing
a different dependency.

Run `npm audit` for details.
Deploying ERC1155 NFT contracts...
ModernERC1155 deployed to: 0xa82fF9aFd8f496c3d6ac40E2a0F282E47488CFc9
ERC1155 deployment completed successfully!
npm warn EBADENGINE Unsupported engine {
npm warn EBADENGINE   package: '@opensea/seaport-js@4.0.4',
npm warn EBADENGINE   required: { node: '>=20.0.0' },
npm warn EBADENGINE   current: { node: 'v18.20.8', npm: '10.8.2' }
npm warn EBADENGINE }
npm warn EBADENGINE Unsupported engine {
npm warn EBADENGINE   package: 'bgipfs@0.0.12',
npm warn EBADENGINE   required: { node: '>=20.0.0' },
npm warn EBADENGINE   current: { node: 'v18.20.8', npm: '10.8.2' }
npm warn EBADENGINE }
npm warn EBADENGINE Unsupported engine {
npm warn EBADENGINE   package: 'got@14.4.7',
npm warn EBADENGINE   required: { node: '>=20' },
npm warn EBADENGINE   current: { node: 'v18.20.8', npm: '10.8.2' }
npm warn EBADENGINE }
npm warn EBADENGINE Unsupported engine {
npm warn EBADENGINE   package: 'opensea-js@7.1.18',
npm warn EBADENGINE   required: { node: '>=20.0.0' },
npm warn EBADENGINE   current: { node: 'v18.20.8', npm: '10.8.2' }
npm warn EBADENGINE }

> se-2@0.0.1 postinstall
> husky


up to date, audited 4746 packages in 8s

448 packages are looking for funding
  run `npm fund` for details

10 low severity vulnerabilities

Some issues need review, and may require choosing
a different dependency.

Run `npm audit` for details.
Deploying ERC1155 NFT contracts...
ModernERC1155 deployed to: 0x95401dc811bb5740090279Ba06cfA8fcF6113778
ERC1155 deployment completed successfully!
npm warn EBADENGINE Unsupported engine {
npm warn EBADENGINE   package: '@opensea/seaport-js@4.0.4',
npm warn EBADENGINE   required: { node: '>=20.0.0' },
npm warn EBADENGINE   current: { node: 'v18.20.8', npm: '10.8.2' }
npm warn EBADENGINE }
npm warn EBADENGINE Unsupported engine {
npm warn EBADENGINE   package: 'bgipfs@0.0.12',
npm warn EBADENGINE   required: { node: '>=20.0.0' },
npm warn EBADENGINE   current: { node: 'v18.20.8', npm: '10.8.2' }
npm warn EBADENGINE }
npm warn EBADENGINE Unsupported engine {
npm warn EBADENGINE   package: 'got@14.4.7',
npm warn EBADENGINE   required: { node: '>=20' },
npm warn EBADENGINE   current: { node: 'v18.20.8', npm: '10.8.2' }
npm warn EBADENGINE }
npm warn EBADENGINE Unsupported engine {
npm warn EBADENGINE   package: 'opensea-js@7.1.18',
npm warn EBADENGINE   required: { node: '>=20.0.0' },
npm warn EBADENGINE   current: { node: 'v18.20.8', npm: '10.8.2' }
npm warn EBADENGINE }

> se-2@0.0.1 postinstall
> husky


up to date, audited 4746 packages in 7s

448 packages are looking for funding
  run `npm fund` for details

10 low severity vulnerabilities

Some issues need review, and may require choosing
a different dependency.

Run `npm audit` for details.
Deploying ERC1155 NFT contracts...
ModernERC1155 deployed to: 0x70e0bA845a1A0F2DA3359C97E0285013525FFC49
ERC1155 deployment completed successfully!
npm warn EBADENGINE Unsupported engine {
npm warn EBADENGINE   package: '@opensea/seaport-js@4.0.4',
npm warn EBADENGINE   required: { node: '>=20.0.0' },
npm warn EBADENGINE   current: { node: 'v18.20.8', npm: '10.8.2' }
npm warn EBADENGINE }
npm warn EBADENGINE Unsupported engine {
npm warn EBADENGINE   package: 'bgipfs@0.0.12',
npm warn EBADENGINE   required: { node: '>=20.0.0' },
npm warn EBADENGINE   current: { node: 'v18.20.8', npm: '10.8.2' }
npm warn EBADENGINE }
npm warn EBADENGINE Unsupported engine {
npm warn EBADENGINE   package: 'got@14.4.7',
npm warn EBADENGINE   required: { node: '>=20' },
npm warn EBADENGINE   current: { node: 'v18.20.8', npm: '10.8.2' }
npm warn EBADENGINE }
npm warn EBADENGINE Unsupported engine {
npm warn EBADENGINE   package: 'opensea-js@7.1.18',
npm warn EBADENGINE   required: { node: '>=20.0.0' },
npm warn EBADENGINE   current: { node: 'v18.20.8', npm: '10.8.2' }
npm warn EBADENGINE }

> se-2@0.0.1 postinstall
> husky


up to date, audited 4746 packages in 8s

448 packages are looking for funding
  run `npm fund` for details

10 low severity vulnerabilities

Some issues need review, and may require choosing
a different dependency.

Run `npm audit` for details.
Deploying ERC1155 NFT contracts...
ModernERC1155 deployed to: 0x99bbA657f2BbC93c02D617f8bA121cB8Fc104Acf
ERC1155 deployment completed successfully!
npm warn EBADENGINE Unsupported engine {
npm warn EBADENGINE   package: '@opensea/seaport-js@4.0.4',
npm warn EBADENGINE   required: { node: '>=20.0.0' },
npm warn EBADENGINE   current: { node: 'v18.20.8', npm: '10.8.2' }
npm warn EBADENGINE }
npm warn EBADENGINE Unsupported engine {
npm warn EBADENGINE   package: 'bgipfs@0.0.12',
npm warn EBADENGINE   required: { node: '>=20.0.0' },
npm warn EBADENGINE   current: { node: 'v18.20.8', npm: '10.8.2' }
npm warn EBADENGINE }
npm warn EBADENGINE Unsupported engine {
npm warn EBADENGINE   package: 'got@14.4.7',
npm warn EBADENGINE   required: { node: '>=20' },
npm warn EBADENGINE   current: { node: 'v18.20.8', npm: '10.8.2' }
npm warn EBADENGINE }
npm warn EBADENGINE Unsupported engine {
npm warn EBADENGINE   package: 'opensea-js@7.1.18',
npm warn EBADENGINE   required: { node: '>=20.0.0' },
npm warn EBADENGINE   current: { node: 'v18.20.8', npm: '10.8.2' }
npm warn EBADENGINE }

> se-2@0.0.1 postinstall
> husky


up to date, audited 4746 packages in 7s

448 packages are looking for funding
  run `npm fund` for details

10 low severity vulnerabilities

Some issues need review, and may require choosing
a different dependency.

Run `npm audit` for details.
Deploying ERC1155 NFT contracts...
ModernERC1155 deployed to: 0x8f86403A4DE0BB5791fa46B8e795C547942fE4Cf
ERC1155 deployment completed successfully!
npm warn EBADENGINE Unsupported engine {
npm warn EBADENGINE   package: '@opensea/seaport-js@4.0.4',
npm warn EBADENGINE   required: { node: '>=20.0.0' },
npm warn EBADENGINE   current: { node: 'v18.20.8', npm: '10.8.2' }
npm warn EBADENGINE }
npm warn EBADENGINE Unsupported engine {
npm warn EBADENGINE   package: 'bgipfs@0.0.12',
npm warn EBADENGINE   required: { node: '>=20.0.0' },
npm warn EBADENGINE   current: { node: 'v18.20.8', npm: '10.8.2' }
npm warn EBADENGINE }
npm warn EBADENGINE Unsupported engine {
npm warn EBADENGINE   package: 'got@14.4.7',
npm warn EBADENGINE   required: { node: '>=20' },
npm warn EBADENGINE   current: { node: 'v18.20.8', npm: '10.8.2' }
npm warn EBADENGINE }
npm warn EBADENGINE Unsupported engine {
npm warn EBADENGINE   package: 'opensea-js@7.1.18',
npm warn EBADENGINE   required: { node: '>=20.0.0' },
npm warn EBADENGINE   current: { node: 'v18.20.8', npm: '10.8.2' }
npm warn EBADENGINE }

> se-2@0.0.1 postinstall
> husky


up to date, audited 4746 packages in 7s

448 packages are looking for funding
  run `npm fund` for details

10 low severity vulnerabilities

Some issues need review, and may require choosing
a different dependency.

Run `npm audit` for details.
Deploying ERC1155 NFT contracts...
ModernERC1155 deployed to: 0xe7f1725E7734CE288F8367e1Bb143E90bb3F0512
ERC1155 deployment completed successfully!
npm warn EBADENGINE Unsupported engine {
npm warn EBADENGINE   package: '@opensea/seaport-js@4.0.4',
npm warn EBADENGINE   required: { node: '>=20.0.0' },
npm warn EBADENGINE   current: { node: 'v18.20.8', npm: '10.8.2' }
npm warn EBADENGINE }
npm warn EBADENGINE Unsupported engine {
npm warn EBADENGINE   package: 'bgipfs@0.0.12',
npm warn EBADENGINE   required: { node: '>=20.0.0' },
npm warn EBADENGINE   current: { node: 'v18.20.8', npm: '10.8.2' }
npm warn EBADENGINE }
npm warn EBADENGINE Unsupported engine {
npm warn EBADENGINE   package: 'got@14.4.7',
npm warn EBADENGINE   required: { node: '>=20' },
npm warn EBADENGINE   current: { node: 'v18.20.8', npm: '10.8.2' }
npm warn EBADENGINE }
npm warn EBADENGINE Unsupported engine {
npm warn EBADENGINE   package: 'opensea-js@7.1.18',
npm warn EBADENGINE   required: { node: '>=20.0.0' },
npm warn EBADENGINE   current: { node: 'v18.20.8', npm: '10.8.2' }
npm warn EBADENGINE }

> se-2@0.0.1 postinstall
> husky


removed 128 packages, changed 2 packages, and audited 5255 packages in 8s

452 packages are looking for funding
  run `npm fund` for details

10 low severity vulnerabilities

Some issues need review, and may require choosing
a different dependency.

Run `npm audit` for details.
Deploying ERC1155 NFT contracts...
ModernERC1155 deployed to: 0xe7f1725E7734CE288F8367e1Bb143E90bb3F0512
ERC1155 deployment completed successfully!
npm warn EBADENGINE Unsupported engine {
npm warn EBADENGINE   package: '@opensea/seaport-js@4.0.4',
npm warn EBADENGINE   required: { node: '>=20.0.0' },
npm warn EBADENGINE   current: { node: 'v18.20.8', npm: '10.8.2' }
npm warn EBADENGINE }
npm warn EBADENGINE Unsupported engine {
npm warn EBADENGINE   package: 'bgipfs@0.0.12',
npm warn EBADENGINE   required: { node: '>=20.0.0' },
npm warn EBADENGINE   current: { node: 'v18.20.8', npm: '10.8.2' }
npm warn EBADENGINE }
npm warn EBADENGINE Unsupported engine {
npm warn EBADENGINE   package: 'got@14.4.7',
npm warn EBADENGINE   required: { node: '>=20' },
npm warn EBADENGINE   current: { node: 'v18.20.8', npm: '10.8.2' }
npm warn EBADENGINE }
npm warn EBADENGINE Unsupported engine {
npm warn EBADENGINE   package: 'opensea-js@7.1.18',
npm warn EBADENGINE   required: { node: '>=20.0.0' },
npm warn EBADENGINE   current: { node: 'v18.20.8', npm: '10.8.2' }
npm warn EBADENGINE }

> se-2@0.0.1 postinstall
> husky


up to date, audited 4587 packages in 9s

447 packages are looking for funding
  run `npm fund` for details

10 low severity vulnerabilities

Some issues need review, and may require choosing
a different dependency.

Run `npm audit` for details.
Deploying ERC1155 NFT contracts...
ModernERC1155 deployed to: 0xe7f1725E7734CE288F8367e1Bb143E90bb3F0512
ERC1155 deployment completed successfully!
