
> se-2@0.0.1 postinstall
> husky


up to date, audited 3629 packages in 7s

384 packages are looking for funding
  run `npm fund` for details

12 vulnerabilities (11 low, 1 moderate)

To address all issues possible (including breaking changes), run:
  npm audit fix --force

Some issues need review, and may require choosing
a different dependency.

Run `npm audit` for details.
Deploying ERC721 NFT contracts...
Error deploying ERC721 contracts: HardhatError: HH108: Cannot connect to the network localhost.
Please make sure your node is running, and check your internet connection and networks config
    at HttpProvider._fetchJsonRpcResponse (/home/tmone/opensea-qc/node_modules/hardhat/src/internal/core/providers/http.ts:240:15)
    at processTicksAndRejections (node:internal/process/task_queues:95:5)
    at async HttpProvider.request (/home/tmone/opensea-qc/node_modules/hardhat/src/internal/core/providers/http.ts:104:29)
    at async getSigners (/home/tmone/opensea-qc/components/erc721/node_modules/@nomicfoundation/hardhat-ethers/src/internal/helpers.ts:46:16)
    at async getContractFactoryByAbiAndBytecode (/home/tmone/opensea-qc/components/erc721/node_modules/@nomicfoundation/hardhat-ethers/src/internal/helpers.ts:318:21)
    at async main (/home/tmone/opensea-qc/components/erc721/scripts/deploy.js:10:30)

    Caused by: Error: connect ECONNREFUSED 127.0.0.1:8545
        at TCPConnectWrap.afterConnect [as oncomplete] (node:net:1611:16)

> se-2@0.0.1 postinstall
> husky


removed 63 packages, changed 2 packages, and audited 5449 packages in 8s

386 packages are looking for funding
  run `npm fund` for details

12 vulnerabilities (11 low, 1 moderate)

To address all issues possible (including breaking changes), run:
  npm audit fix --force

Some issues need review, and may require choosing
a different dependency.

Run `npm audit` for details.
Deploying ERC721 NFT contracts...
Creature ERC721 deployed to: 0x5FbDB2315678afecb367f032d93F642f64180aa3
ERC721 deployment completed successfully!

> se-2@0.0.1 postinstall
> husky


changed 1 package, and audited 5037 packages in 6s

386 packages are looking for funding
  run `npm fund` for details

12 vulnerabilities (11 low, 1 moderate)

To address all issues possible (including breaking changes), run:
  npm audit fix --force

Some issues need review, and may require choosing
a different dependency.

Run `npm audit` for details.
Deploying ERC721 NFT contracts...
Creature ERC721 deployed to: 0x5FbDB2315678afecb367f032d93F642f64180aa3
ERC721 deployment completed successfully!
npm warn EBADENGINE Unsupported engine {
npm warn EBADENGINE   package: '@opensea/seaport-js@4.0.4',
npm warn EBADENGINE   required: { node: '>=20.0.0' },
npm warn EBADENGINE   current: { node: 'v18.20.8', npm: '10.8.2' }
npm warn EBADENGINE }
npm warn EBADENGINE Unsupported engine {
npm warn EBADENGINE   package: 'bgipfs@0.0.12',
npm warn EBADENGINE   required: { node: '>=20.0.0' },
npm warn EBADENGINE   current: { node: 'v18.20.8', npm: '10.8.2' }
npm warn EBADENGINE }
npm warn EBADENGINE Unsupported engine {
npm warn EBADENGINE   package: 'got@14.4.7',
npm warn EBADENGINE   required: { node: '>=20' },
npm warn EBADENGINE   current: { node: 'v18.20.8', npm: '10.8.2' }
npm warn EBADENGINE }
npm warn EBADENGINE Unsupported engine {
npm warn EBADENGINE   package: 'opensea-js@7.1.18',
npm warn EBADENGINE   required: { node: '>=20.0.0' },
npm warn EBADENGINE   current: { node: 'v18.20.8', npm: '10.8.2' }
npm warn EBADENGINE }

> se-2@0.0.1 postinstall
> husky


up to date, audited 5057 packages in 10s

127 packages are looking for funding
  run `npm fund` for details

11 vulnerabilities (10 low, 1 moderate)

To address all issues possible (including breaking changes), run:
  npm audit fix --force

Some issues need review, and may require choosing
a different dependency.

Run `npm audit` for details.
Deploying ERC721 NFT contracts...
Creature ERC721 deployed to: 0xe7f1725E7734CE288F8367e1Bb143E90bb3F0512
ERC721 deployment completed successfully!
npm warn EBADENGINE Unsupported engine {
npm warn EBADENGINE   package: '@opensea/seaport-js@4.0.4',
npm warn EBADENGINE   required: { node: '>=20.0.0' },
npm warn EBADENGINE   current: { node: 'v18.20.8', npm: '10.8.2' }
npm warn EBADENGINE }
npm warn EBADENGINE Unsupported engine {
npm warn EBADENGINE   package: 'bgipfs@0.0.12',
npm warn EBADENGINE   required: { node: '>=20.0.0' },
npm warn EBADENGINE   current: { node: 'v18.20.8', npm: '10.8.2' }
npm warn EBADENGINE }
npm warn EBADENGINE Unsupported engine {
npm warn EBADENGINE   package: 'got@14.4.7',
npm warn EBADENGINE   required: { node: '>=20' },
npm warn EBADENGINE   current: { node: 'v18.20.8', npm: '10.8.2' }
npm warn EBADENGINE }
npm warn EBADENGINE Unsupported engine {
npm warn EBADENGINE   package: 'opensea-js@7.1.18',
npm warn EBADENGINE   required: { node: '>=20.0.0' },
npm warn EBADENGINE   current: { node: 'v18.20.8', npm: '10.8.2' }
npm warn EBADENGINE }

> se-2@0.0.1 postinstall
> husky


up to date, audited 5054 packages in 11s

448 packages are looking for funding
  run `npm fund` for details

11 vulnerabilities (10 low, 1 moderate)

To address all issues possible (including breaking changes), run:
  npm audit fix --force

Some issues need review, and may require choosing
a different dependency.

Run `npm audit` for details.
Deploying ERC721 NFT contracts...
Creature ERC721 deployed to: 0xCf7Ed3AccA5a467e9e704C703E8D87F634fB0Fc9
ERC721 deployment completed successfully!
npm warn EBADENGINE Unsupported engine {
npm warn EBADENGINE   package: '@opensea/seaport-js@4.0.4',
npm warn EBADENGINE   required: { node: '>=20.0.0' },
npm warn EBADENGINE   current: { node: 'v18.20.8', npm: '10.8.2' }
npm warn EBADENGINE }
npm warn EBADENGINE Unsupported engine {
npm warn EBADENGINE   package: 'bgipfs@0.0.12',
npm warn EBADENGINE   required: { node: '>=20.0.0' },
npm warn EBADENGINE   current: { node: 'v18.20.8', npm: '10.8.2' }
npm warn EBADENGINE }
npm warn EBADENGINE Unsupported engine {
npm warn EBADENGINE   package: 'got@14.4.7',
npm warn EBADENGINE   required: { node: '>=20' },
npm warn EBADENGINE   current: { node: 'v18.20.8', npm: '10.8.2' }
npm warn EBADENGINE }
npm warn EBADENGINE Unsupported engine {
npm warn EBADENGINE   package: 'opensea-js@7.1.18',
npm warn EBADENGINE   required: { node: '>=20.0.0' },
npm warn EBADENGINE   current: { node: 'v18.20.8', npm: '10.8.2' }
npm warn EBADENGINE }

> se-2@0.0.1 postinstall
> husky


up to date, audited 5054 packages in 11s

448 packages are looking for funding
  run `npm fund` for details

11 vulnerabilities (10 low, 1 moderate)

To address all issues possible (including breaking changes), run:
  npm audit fix --force

Some issues need review, and may require choosing
a different dependency.

Run `npm audit` for details.
Deploying ERC721 NFT contracts...
Creature ERC721 deployed to: 0x5FC8d32690cc91D4c39d9d3abcBD16989F875707
ERC721 deployment completed successfully!
npm warn EBADENGINE Unsupported engine {
npm warn EBADENGINE   package: '@opensea/seaport-js@4.0.4',
npm warn EBADENGINE   required: { node: '>=20.0.0' },
npm warn EBADENGINE   current: { node: 'v18.20.8', npm: '10.8.2' }
npm warn EBADENGINE }
npm warn EBADENGINE Unsupported engine {
npm warn EBADENGINE   package: 'bgipfs@0.0.12',
npm warn EBADENGINE   required: { node: '>=20.0.0' },
npm warn EBADENGINE   current: { node: 'v18.20.8', npm: '10.8.2' }
npm warn EBADENGINE }
npm warn EBADENGINE Unsupported engine {
npm warn EBADENGINE   package: 'got@14.4.7',
npm warn EBADENGINE   required: { node: '>=20' },
npm warn EBADENGINE   current: { node: 'v18.20.8', npm: '10.8.2' }
npm warn EBADENGINE }
npm warn EBADENGINE Unsupported engine {
npm warn EBADENGINE   package: 'opensea-js@7.1.18',
npm warn EBADENGINE   required: { node: '>=20.0.0' },
npm warn EBADENGINE   current: { node: 'v18.20.8', npm: '10.8.2' }
npm warn EBADENGINE }

> se-2@0.0.1 postinstall
> husky


up to date, audited 5054 packages in 11s

448 packages are looking for funding
  run `npm fund` for details

11 vulnerabilities (10 low, 1 moderate)

To address all issues possible (including breaking changes), run:
  npm audit fix --force

Some issues need review, and may require choosing
a different dependency.

Run `npm audit` for details.
Deploying ERC721 NFT contracts...
Creature ERC721 deployed to: 0xe7f1725E7734CE288F8367e1Bb143E90bb3F0512
ERC721 deployment completed successfully!
npm warn EBADENGINE Unsupported engine {
npm warn EBADENGINE   package: '@opensea/seaport-js@4.0.4',
npm warn EBADENGINE   required: { node: '>=20.0.0' },
npm warn EBADENGINE   current: { node: 'v18.20.8', npm: '10.8.2' }
npm warn EBADENGINE }
npm warn EBADENGINE Unsupported engine {
npm warn EBADENGINE   package: 'bgipfs@0.0.12',
npm warn EBADENGINE   required: { node: '>=20.0.0' },
npm warn EBADENGINE   current: { node: 'v18.20.8', npm: '10.8.2' }
npm warn EBADENGINE }
npm warn EBADENGINE Unsupported engine {
npm warn EBADENGINE   package: 'got@14.4.7',
npm warn EBADENGINE   required: { node: '>=20' },
npm warn EBADENGINE   current: { node: 'v18.20.8', npm: '10.8.2' }
npm warn EBADENGINE }
npm warn EBADENGINE Unsupported engine {
npm warn EBADENGINE   package: 'opensea-js@7.1.18',
npm warn EBADENGINE   required: { node: '>=20.0.0' },
npm warn EBADENGINE   current: { node: 'v18.20.8', npm: '10.8.2' }
npm warn EBADENGINE }

> se-2@0.0.1 postinstall
> husky


up to date, audited 4746 packages in 12s

448 packages are looking for funding
  run `npm fund` for details

11 vulnerabilities (10 low, 1 moderate)

To address all issues possible (including breaking changes), run:
  npm audit fix --force

Some issues need review, and may require choosing
a different dependency.

Run `npm audit` for details.
Deploying ERC721 NFT contracts...
Error deploying ERC721 contracts: HardhatError: HH101: Hardhat was set to use chain id 1337, but connected to a chain with id 31337.
    at ChainIdValidatorProvider.request (/home/tmone/opensea-qc/components/erc721/node_modules/hardhat/src/internal/core/providers/chainId.ts:57:15)
    at processTicksAndRejections (node:internal/process/task_queues:95:5)
    at async getSigners (/home/tmone/opensea-qc/components/erc721/node_modules/@nomicfoundation/hardhat-ethers/src/internal/helpers.ts:46:16)
    at async getContractFactoryByAbiAndBytecode (/home/tmone/opensea-qc/components/erc721/node_modules/@nomicfoundation/hardhat-ethers/src/internal/helpers.ts:318:21)
    at async main (/home/tmone/opensea-qc/components/erc721/scripts/deploy.js:10:30)
npm warn EBADENGINE Unsupported engine {
npm warn EBADENGINE   package: '@opensea/seaport-js@4.0.4',
npm warn EBADENGINE   required: { node: '>=20.0.0' },
npm warn EBADENGINE   current: { node: 'v18.20.8', npm: '10.8.2' }
npm warn EBADENGINE }
npm warn EBADENGINE Unsupported engine {
npm warn EBADENGINE   package: 'bgipfs@0.0.12',
npm warn EBADENGINE   required: { node: '>=20.0.0' },
npm warn EBADENGINE   current: { node: 'v18.20.8', npm: '10.8.2' }
npm warn EBADENGINE }
npm warn EBADENGINE Unsupported engine {
npm warn EBADENGINE   package: 'got@14.4.7',
npm warn EBADENGINE   required: { node: '>=20' },
npm warn EBADENGINE   current: { node: 'v18.20.8', npm: '10.8.2' }
npm warn EBADENGINE }
npm warn EBADENGINE Unsupported engine {
npm warn EBADENGINE   package: 'opensea-js@7.1.18',
npm warn EBADENGINE   required: { node: '>=20.0.0' },
npm warn EBADENGINE   current: { node: 'v18.20.8', npm: '10.8.2' }
npm warn EBADENGINE }

> se-2@0.0.1 postinstall
> husky


up to date, audited 4746 packages in 8s

448 packages are looking for funding
  run `npm fund` for details

11 vulnerabilities (10 low, 1 moderate)

To address all issues possible (including breaking changes), run:
  npm audit fix --force

Some issues need review, and may require choosing
a different dependency.

Run `npm audit` for details.
Deploying ERC721 NFT contracts...
Error deploying ERC721 contracts: HardhatError: HH101: Hardhat was set to use chain id 1337, but connected to a chain with id 31337.
    at ChainIdValidatorProvider.request (/home/tmone/opensea-qc/components/erc721/node_modules/hardhat/src/internal/core/providers/chainId.ts:57:15)
    at processTicksAndRejections (node:internal/process/task_queues:95:5)
    at async getSigners (/home/tmone/opensea-qc/components/erc721/node_modules/@nomicfoundation/hardhat-ethers/src/internal/helpers.ts:46:16)
    at async getContractFactoryByAbiAndBytecode (/home/tmone/opensea-qc/components/erc721/node_modules/@nomicfoundation/hardhat-ethers/src/internal/helpers.ts:318:21)
    at async main (/home/tmone/opensea-qc/components/erc721/scripts/deploy.js:10:30)
npm warn EBADENGINE Unsupported engine {
npm warn EBADENGINE   package: '@opensea/seaport-js@4.0.4',
npm warn EBADENGINE   required: { node: '>=20.0.0' },
npm warn EBADENGINE   current: { node: 'v18.20.8', npm: '10.8.2' }
npm warn EBADENGINE }
npm warn EBADENGINE Unsupported engine {
npm warn EBADENGINE   package: 'bgipfs@0.0.12',
npm warn EBADENGINE   required: { node: '>=20.0.0' },
npm warn EBADENGINE   current: { node: 'v18.20.8', npm: '10.8.2' }
npm warn EBADENGINE }
npm warn EBADENGINE Unsupported engine {
npm warn EBADENGINE   package: 'got@14.4.7',
npm warn EBADENGINE   required: { node: '>=20' },
npm warn EBADENGINE   current: { node: 'v18.20.8', npm: '10.8.2' }
npm warn EBADENGINE }
npm warn EBADENGINE Unsupported engine {
npm warn EBADENGINE   package: 'opensea-js@7.1.18',
npm warn EBADENGINE   required: { node: '>=20.0.0' },
npm warn EBADENGINE   current: { node: 'v18.20.8', npm: '10.8.2' }
npm warn EBADENGINE }

> se-2@0.0.1 postinstall
> husky


up to date, audited 4746 packages in 7s

448 packages are looking for funding
  run `npm fund` for details

11 vulnerabilities (10 low, 1 moderate)

To address all issues possible (including breaking changes), run:
  npm audit fix --force

Some issues need review, and may require choosing
a different dependency.

Run `npm audit` for details.
Deploying ERC721 NFT contracts...
Error deploying ERC721 contracts: HardhatError: HH101: Hardhat was set to use chain id 1337, but connected to a chain with id 31337.
    at ChainIdValidatorProvider.request (/home/tmone/opensea-qc/components/erc721/node_modules/hardhat/src/internal/core/providers/chainId.ts:57:15)
    at processTicksAndRejections (node:internal/process/task_queues:95:5)
    at async getSigners (/home/tmone/opensea-qc/components/erc721/node_modules/@nomicfoundation/hardhat-ethers/src/internal/helpers.ts:46:16)
    at async getContractFactoryByAbiAndBytecode (/home/tmone/opensea-qc/components/erc721/node_modules/@nomicfoundation/hardhat-ethers/src/internal/helpers.ts:318:21)
    at async main (/home/tmone/opensea-qc/components/erc721/scripts/deploy.js:10:30)
npm warn EBADENGINE Unsupported engine {
npm warn EBADENGINE   package: '@opensea/seaport-js@4.0.4',
npm warn EBADENGINE   required: { node: '>=20.0.0' },
npm warn EBADENGINE   current: { node: 'v18.20.8', npm: '10.8.2' }
npm warn EBADENGINE }
npm warn EBADENGINE Unsupported engine {
npm warn EBADENGINE   package: 'bgipfs@0.0.12',
npm warn EBADENGINE   required: { node: '>=20.0.0' },
npm warn EBADENGINE   current: { node: 'v18.20.8', npm: '10.8.2' }
npm warn EBADENGINE }
npm warn EBADENGINE Unsupported engine {
npm warn EBADENGINE   package: 'got@14.4.7',
npm warn EBADENGINE   required: { node: '>=20' },
npm warn EBADENGINE   current: { node: 'v18.20.8', npm: '10.8.2' }
npm warn EBADENGINE }
npm warn EBADENGINE Unsupported engine {
npm warn EBADENGINE   package: 'opensea-js@7.1.18',
npm warn EBADENGINE   required: { node: '>=20.0.0' },
npm warn EBADENGINE   current: { node: 'v18.20.8', npm: '10.8.2' }
npm warn EBADENGINE }

> se-2@0.0.1 postinstall
> husky


up to date, audited 4746 packages in 10s

448 packages are looking for funding
  run `npm fund` for details

11 vulnerabilities (10 low, 1 moderate)

To address all issues possible (including breaking changes), run:
  npm audit fix --force

Some issues need review, and may require choosing
a different dependency.

Run `npm audit` for details.
Deploying ERC721 NFT contracts...
Creature ERC721 deployed to: 0xe7f1725E7734CE288F8367e1Bb143E90bb3F0512
ERC721 deployment completed successfully!
npm warn EBADENGINE Unsupported engine {
npm warn EBADENGINE   package: '@opensea/seaport-js@4.0.4',
npm warn EBADENGINE   required: { node: '>=20.0.0' },
npm warn EBADENGINE   current: { node: 'v18.20.8', npm: '10.8.2' }
npm warn EBADENGINE }
npm warn EBADENGINE Unsupported engine {
npm warn EBADENGINE   package: 'bgipfs@0.0.12',
npm warn EBADENGINE   required: { node: '>=20.0.0' },
npm warn EBADENGINE   current: { node: 'v18.20.8', npm: '10.8.2' }
npm warn EBADENGINE }
npm warn EBADENGINE Unsupported engine {
npm warn EBADENGINE   package: 'got@14.4.7',
npm warn EBADENGINE   required: { node: '>=20' },
npm warn EBADENGINE   current: { node: 'v18.20.8', npm: '10.8.2' }
npm warn EBADENGINE }
npm warn EBADENGINE Unsupported engine {
npm warn EBADENGINE   package: 'opensea-js@7.1.18',
npm warn EBADENGINE   required: { node: '>=20.0.0' },
npm warn EBADENGINE   current: { node: 'v18.20.8', npm: '10.8.2' }
npm warn EBADENGINE }

> se-2@0.0.1 postinstall
> husky


up to date, audited 4746 packages in 12s

448 packages are looking for funding
  run `npm fund` for details

11 vulnerabilities (10 low, 1 moderate)

To address all issues possible (including breaking changes), run:
  npm audit fix --force

Some issues need review, and may require choosing
a different dependency.

Run `npm audit` for details.
Deploying ERC721 NFT contracts...
Creature ERC721 deployed to: 0x5FbDB2315678afecb367f032d93F642f64180aa3
ERC721 deployment completed successfully!
npm warn EBADENGINE Unsupported engine {
npm warn EBADENGINE   package: '@opensea/seaport-js@4.0.4',
npm warn EBADENGINE   required: { node: '>=20.0.0' },
npm warn EBADENGINE   current: { node: 'v18.20.8', npm: '10.8.2' }
npm warn EBADENGINE }
npm warn EBADENGINE Unsupported engine {
npm warn EBADENGINE   package: 'bgipfs@0.0.12',
npm warn EBADENGINE   required: { node: '>=20.0.0' },
npm warn EBADENGINE   current: { node: 'v18.20.8', npm: '10.8.2' }
npm warn EBADENGINE }
npm warn EBADENGINE Unsupported engine {
npm warn EBADENGINE   package: 'got@14.4.7',
npm warn EBADENGINE   required: { node: '>=20' },
npm warn EBADENGINE   current: { node: 'v18.20.8', npm: '10.8.2' }
npm warn EBADENGINE }
npm warn EBADENGINE Unsupported engine {
npm warn EBADENGINE   package: 'opensea-js@7.1.18',
npm warn EBADENGINE   required: { node: '>=20.0.0' },
npm warn EBADENGINE   current: { node: 'v18.20.8', npm: '10.8.2' }
npm warn EBADENGINE }

> se-2@0.0.1 postinstall
> husky


up to date, audited 4746 packages in 10s

448 packages are looking for funding
  run `npm fund` for details

11 vulnerabilities (10 low, 1 moderate)

To address all issues possible (including breaking changes), run:
  npm audit fix --force

Some issues need review, and may require choosing
a different dependency.

Run `npm audit` for details.
Deploying ERC721 NFT contracts...
Error deploying ERC721 contracts: HardhatError: HH108: Cannot connect to the network localhost.
Please make sure your node is running, and check your internet connection and networks config
    at HttpProvider._fetchJsonRpcResponse (/home/tmone/opensea-qc/components/erc721/node_modules/hardhat/src/internal/core/providers/http.ts:240:15)
    at processTicksAndRejections (node:internal/process/task_queues:95:5)
    at async HttpProvider.request (/home/tmone/opensea-qc/components/erc721/node_modules/hardhat/src/internal/core/providers/http.ts:104:29)
    at async ChainIdValidatorProvider._getChainIdFromEthNetVersion (/home/tmone/opensea-qc/components/erc721/node_modules/hardhat/src/internal/core/providers/chainId.ts:33:17)
    at async ChainIdValidatorProvider._getChainId (/home/tmone/opensea-qc/components/erc721/node_modules/hardhat/src/internal/core/providers/chainId.ts:17:25)
    at async ChainIdValidatorProvider.request (/home/tmone/opensea-qc/components/erc721/node_modules/hardhat/src/internal/core/providers/chainId.ts:55:29)
    at async getSigners (/home/tmone/opensea-qc/components/erc721/node_modules/@nomicfoundation/hardhat-ethers/src/internal/helpers.ts:46:16)
    at async getContractFactoryByAbiAndBytecode (/home/tmone/opensea-qc/components/erc721/node_modules/@nomicfoundation/hardhat-ethers/src/internal/helpers.ts:318:21)
    at async main (/home/tmone/opensea-qc/components/erc721/scripts/deploy.js:10:30)

    Caused by: Error: connect ECONNREFUSED 127.0.0.1:8545
        at TCPConnectWrap.afterConnect [as oncomplete] (node:net:1555:16)
npm warn EBADENGINE Unsupported engine {
npm warn EBADENGINE   package: '@opensea/seaport-js@4.0.4',
npm warn EBADENGINE   required: { node: '>=20.0.0' },
npm warn EBADENGINE   current: { node: 'v18.20.8', npm: '10.8.2' }
npm warn EBADENGINE }
npm warn EBADENGINE Unsupported engine {
npm warn EBADENGINE   package: 'bgipfs@0.0.12',
npm warn EBADENGINE   required: { node: '>=20.0.0' },
npm warn EBADENGINE   current: { node: 'v18.20.8', npm: '10.8.2' }
npm warn EBADENGINE }
npm warn EBADENGINE Unsupported engine {
npm warn EBADENGINE   package: 'got@14.4.7',
npm warn EBADENGINE   required: { node: '>=20' },
npm warn EBADENGINE   current: { node: 'v18.20.8', npm: '10.8.2' }
npm warn EBADENGINE }
npm warn EBADENGINE Unsupported engine {
npm warn EBADENGINE   package: 'opensea-js@7.1.18',
npm warn EBADENGINE   required: { node: '>=20.0.0' },
npm warn EBADENGINE   current: { node: 'v18.20.8', npm: '10.8.2' }
npm warn EBADENGINE }

> se-2@0.0.1 postinstall
> husky


up to date, audited 4746 packages in 7s

448 packages are looking for funding
  run `npm fund` for details

11 vulnerabilities (10 low, 1 moderate)

To address all issues possible (including breaking changes), run:
  npm audit fix --force

Some issues need review, and may require choosing
a different dependency.

Run `npm audit` for details.
Deploying ERC721 NFT contracts...
Creature ERC721 deployed to: 0xe7f1725E7734CE288F8367e1Bb143E90bb3F0512
ERC721 deployment completed successfully!
npm warn EBADENGINE Unsupported engine {
npm warn EBADENGINE   package: '@opensea/seaport-js@4.0.4',
npm warn EBADENGINE   required: { node: '>=20.0.0' },
npm warn EBADENGINE   current: { node: 'v18.20.8', npm: '10.8.2' }
npm warn EBADENGINE }
npm warn EBADENGINE Unsupported engine {
npm warn EBADENGINE   package: 'bgipfs@0.0.12',
npm warn EBADENGINE   required: { node: '>=20.0.0' },
npm warn EBADENGINE   current: { node: 'v18.20.8', npm: '10.8.2' }
npm warn EBADENGINE }
npm warn EBADENGINE Unsupported engine {
npm warn EBADENGINE   package: 'got@14.4.7',
npm warn EBADENGINE   required: { node: '>=20' },
npm warn EBADENGINE   current: { node: 'v18.20.8', npm: '10.8.2' }
npm warn EBADENGINE }
npm warn EBADENGINE Unsupported engine {
npm warn EBADENGINE   package: 'opensea-js@7.1.18',
npm warn EBADENGINE   required: { node: '>=20.0.0' },
npm warn EBADENGINE   current: { node: 'v18.20.8', npm: '10.8.2' }
npm warn EBADENGINE }

> se-2@0.0.1 postinstall
> husky


up to date, audited 4746 packages in 11s

448 packages are looking for funding
  run `npm fund` for details

11 vulnerabilities (10 low, 1 moderate)

To address all issues possible (including breaking changes), run:
  npm audit fix --force

Some issues need review, and may require choosing
a different dependency.

Run `npm audit` for details.
Deploying ERC721 NFT contracts...
Creature ERC721 deployed to: 0x5FbDB2315678afecb367f032d93F642f64180aa3
ERC721 deployment completed successfully!
npm warn EBADENGINE Unsupported engine {
npm warn EBADENGINE   package: '@opensea/seaport-js@4.0.4',
npm warn EBADENGINE   required: { node: '>=20.0.0' },
npm warn EBADENGINE   current: { node: 'v18.20.8', npm: '10.8.2' }
npm warn EBADENGINE }
npm warn EBADENGINE Unsupported engine {
npm warn EBADENGINE   package: 'bgipfs@0.0.12',
npm warn EBADENGINE   required: { node: '>=20.0.0' },
npm warn EBADENGINE   current: { node: 'v18.20.8', npm: '10.8.2' }
npm warn EBADENGINE }
npm warn EBADENGINE Unsupported engine {
npm warn EBADENGINE   package: 'got@14.4.7',
npm warn EBADENGINE   required: { node: '>=20' },
npm warn EBADENGINE   current: { node: 'v18.20.8', npm: '10.8.2' }
npm warn EBADENGINE }
npm warn EBADENGINE Unsupported engine {
npm warn EBADENGINE   package: 'opensea-js@7.1.18',
npm warn EBADENGINE   required: { node: '>=20.0.0' },
npm warn EBADENGINE   current: { node: 'v18.20.8', npm: '10.8.2' }
npm warn EBADENGINE }

> se-2@0.0.1 postinstall
> husky


up to date, audited 4746 packages in 11s

448 packages are looking for funding
  run `npm fund` for details

11 vulnerabilities (10 low, 1 moderate)

To address all issues possible (including breaking changes), run:
  npm audit fix --force

Some issues need review, and may require choosing
a different dependency.

Run `npm audit` for details.
Deploying ERC721 NFT contracts...
Creature ERC721 deployed to: 0x5FbDB2315678afecb367f032d93F642f64180aa3
ERC721 deployment completed successfully!
npm warn EBADENGINE Unsupported engine {
npm warn EBADENGINE   package: '@opensea/seaport-js@4.0.4',
npm warn EBADENGINE   required: { node: '>=20.0.0' },
npm warn EBADENGINE   current: { node: 'v18.20.8', npm: '10.8.2' }
npm warn EBADENGINE }
npm warn EBADENGINE Unsupported engine {
npm warn EBADENGINE   package: 'bgipfs@0.0.12',
npm warn EBADENGINE   required: { node: '>=20.0.0' },
npm warn EBADENGINE   current: { node: 'v18.20.8', npm: '10.8.2' }
npm warn EBADENGINE }
npm warn EBADENGINE Unsupported engine {
npm warn EBADENGINE   package: 'got@14.4.7',
npm warn EBADENGINE   required: { node: '>=20' },
npm warn EBADENGINE   current: { node: 'v18.20.8', npm: '10.8.2' }
npm warn EBADENGINE }
npm warn EBADENGINE Unsupported engine {
npm warn EBADENGINE   package: 'opensea-js@7.1.18',
npm warn EBADENGINE   required: { node: '>=20.0.0' },
npm warn EBADENGINE   current: { node: 'v18.20.8', npm: '10.8.2' }
npm warn EBADENGINE }

> se-2@0.0.1 postinstall
> husky


up to date, audited 4746 packages in 11s

448 packages are looking for funding
  run `npm fund` for details

11 vulnerabilities (10 low, 1 moderate)

To address all issues possible (including breaking changes), run:
  npm audit fix --force

Some issues need review, and may require choosing
a different dependency.

Run `npm audit` for details.
Deploying ERC721 NFT contracts...
Creature ERC721 deployed to: 0x5FbDB2315678afecb367f032d93F642f64180aa3
ERC721 deployment completed successfully!
npm warn EBADENGINE Unsupported engine {
npm warn EBADENGINE   package: '@opensea/seaport-js@4.0.4',
npm warn EBADENGINE   required: { node: '>=20.0.0' },
npm warn EBADENGINE   current: { node: 'v18.20.8', npm: '10.8.2' }
npm warn EBADENGINE }
npm warn EBADENGINE Unsupported engine {
npm warn EBADENGINE   package: 'bgipfs@0.0.12',
npm warn EBADENGINE   required: { node: '>=20.0.0' },
npm warn EBADENGINE   current: { node: 'v18.20.8', npm: '10.8.2' }
npm warn EBADENGINE }
npm warn EBADENGINE Unsupported engine {
npm warn EBADENGINE   package: 'got@14.4.7',
npm warn EBADENGINE   required: { node: '>=20' },
npm warn EBADENGINE   current: { node: 'v18.20.8', npm: '10.8.2' }
npm warn EBADENGINE }
npm warn EBADENGINE Unsupported engine {
npm warn EBADENGINE   package: 'opensea-js@7.1.18',
npm warn EBADENGINE   required: { node: '>=20.0.0' },
npm warn EBADENGINE   current: { node: 'v18.20.8', npm: '10.8.2' }
npm warn EBADENGINE }

> se-2@0.0.1 postinstall
> husky


up to date, audited 4746 packages in 10s

448 packages are looking for funding
  run `npm fund` for details

11 vulnerabilities (10 low, 1 moderate)

To address all issues possible (including breaking changes), run:
  npm audit fix --force

Some issues need review, and may require choosing
a different dependency.

Run `npm audit` for details.
Deploying ERC721 NFT contracts...
Creature ERC721 deployed to: 0x4A679253410272dd5232B3Ff7cF5dbB88f295319
ERC721 deployment completed successfully!
npm warn EBADENGINE Unsupported engine {
npm warn EBADENGINE   package: '@opensea/seaport-js@4.0.4',
npm warn EBADENGINE   required: { node: '>=20.0.0' },
npm warn EBADENGINE   current: { node: 'v18.20.8', npm: '10.8.2' }
npm warn EBADENGINE }
npm warn EBADENGINE Unsupported engine {
npm warn EBADENGINE   package: 'bgipfs@0.0.12',
npm warn EBADENGINE   required: { node: '>=20.0.0' },
npm warn EBADENGINE   current: { node: 'v18.20.8', npm: '10.8.2' }
npm warn EBADENGINE }
npm warn EBADENGINE Unsupported engine {
npm warn EBADENGINE   package: 'got@14.4.7',
npm warn EBADENGINE   required: { node: '>=20' },
npm warn EBADENGINE   current: { node: 'v18.20.8', npm: '10.8.2' }
npm warn EBADENGINE }
npm warn EBADENGINE Unsupported engine {
npm warn EBADENGINE   package: 'opensea-js@7.1.18',
npm warn EBADENGINE   required: { node: '>=20.0.0' },
npm warn EBADENGINE   current: { node: 'v18.20.8', npm: '10.8.2' }
npm warn EBADENGINE }

> se-2@0.0.1 postinstall
> husky


up to date, audited 4746 packages in 11s

448 packages are looking for funding
  run `npm fund` for details

11 vulnerabilities (10 low, 1 moderate)

To address all issues possible (including breaking changes), run:
  npm audit fix --force

Some issues need review, and may require choosing
a different dependency.

Run `npm audit` for details.
Deploying ERC721 NFT contracts...
Creature ERC721 deployed to: 0x9E545E3C0baAB3E08CdfD552C960A1050f373042
ERC721 deployment completed successfully!
npm warn EBADENGINE Unsupported engine {
npm warn EBADENGINE   package: '@opensea/seaport-js@4.0.4',
npm warn EBADENGINE   required: { node: '>=20.0.0' },
npm warn EBADENGINE   current: { node: 'v18.20.8', npm: '10.8.2' }
npm warn EBADENGINE }
npm warn EBADENGINE Unsupported engine {
npm warn EBADENGINE   package: 'bgipfs@0.0.12',
npm warn EBADENGINE   required: { node: '>=20.0.0' },
npm warn EBADENGINE   current: { node: 'v18.20.8', npm: '10.8.2' }
npm warn EBADENGINE }
npm warn EBADENGINE Unsupported engine {
npm warn EBADENGINE   package: 'got@14.4.7',
npm warn EBADENGINE   required: { node: '>=20' },
npm warn EBADENGINE   current: { node: 'v18.20.8', npm: '10.8.2' }
npm warn EBADENGINE }
npm warn EBADENGINE Unsupported engine {
npm warn EBADENGINE   package: 'opensea-js@7.1.18',
npm warn EBADENGINE   required: { node: '>=20.0.0' },
npm warn EBADENGINE   current: { node: 'v18.20.8', npm: '10.8.2' }
npm warn EBADENGINE }

> se-2@0.0.1 postinstall
> husky


up to date, audited 4746 packages in 10s

448 packages are looking for funding
  run `npm fund` for details

11 vulnerabilities (10 low, 1 moderate)

To address all issues possible (including breaking changes), run:
  npm audit fix --force

Some issues need review, and may require choosing
a different dependency.

Run `npm audit` for details.
Deploying ERC721 NFT contracts...
Creature ERC721 deployed to: 0xf5059a5D33d5853360D16C683c16e67980206f36
ERC721 deployment completed successfully!
npm warn EBADENGINE Unsupported engine {
npm warn EBADENGINE   package: '@opensea/seaport-js@4.0.4',
npm warn EBADENGINE   required: { node: '>=20.0.0' },
npm warn EBADENGINE   current: { node: 'v18.20.8', npm: '10.8.2' }
npm warn EBADENGINE }
npm warn EBADENGINE Unsupported engine {
npm warn EBADENGINE   package: 'bgipfs@0.0.12',
npm warn EBADENGINE   required: { node: '>=20.0.0' },
npm warn EBADENGINE   current: { node: 'v18.20.8', npm: '10.8.2' }
npm warn EBADENGINE }
npm warn EBADENGINE Unsupported engine {
npm warn EBADENGINE   package: 'got@14.4.7',
npm warn EBADENGINE   required: { node: '>=20' },
npm warn EBADENGINE   current: { node: 'v18.20.8', npm: '10.8.2' }
npm warn EBADENGINE }
npm warn EBADENGINE Unsupported engine {
npm warn EBADENGINE   package: 'opensea-js@7.1.18',
npm warn EBADENGINE   required: { node: '>=20.0.0' },
npm warn EBADENGINE   current: { node: 'v18.20.8', npm: '10.8.2' }
npm warn EBADENGINE }

> se-2@0.0.1 postinstall
> husky


up to date, audited 4746 packages in 11s

448 packages are looking for funding
  run `npm fund` for details

11 vulnerabilities (10 low, 1 moderate)

To address all issues possible (including breaking changes), run:
  npm audit fix --force

Some issues need review, and may require choosing
a different dependency.

Run `npm audit` for details.
Deploying ERC721 NFT contracts...
Creature ERC721 deployed to: 0x998abeb3E57409262aE5b751f60747921B33613E
ERC721 deployment completed successfully!
npm warn EBADENGINE Unsupported engine {
npm warn EBADENGINE   package: '@opensea/seaport-js@4.0.4',
npm warn EBADENGINE   required: { node: '>=20.0.0' },
npm warn EBADENGINE   current: { node: 'v18.20.8', npm: '10.8.2' }
npm warn EBADENGINE }
npm warn EBADENGINE Unsupported engine {
npm warn EBADENGINE   package: 'bgipfs@0.0.12',
npm warn EBADENGINE   required: { node: '>=20.0.0' },
npm warn EBADENGINE   current: { node: 'v18.20.8', npm: '10.8.2' }
npm warn EBADENGINE }
npm warn EBADENGINE Unsupported engine {
npm warn EBADENGINE   package: 'got@14.4.7',
npm warn EBADENGINE   required: { node: '>=20' },
npm warn EBADENGINE   current: { node: 'v18.20.8', npm: '10.8.2' }
npm warn EBADENGINE }
npm warn EBADENGINE Unsupported engine {
npm warn EBADENGINE   package: 'opensea-js@7.1.18',
npm warn EBADENGINE   required: { node: '>=20.0.0' },
npm warn EBADENGINE   current: { node: 'v18.20.8', npm: '10.8.2' }
npm warn EBADENGINE }

> se-2@0.0.1 postinstall
> husky


up to date, audited 4746 packages in 11s

448 packages are looking for funding
  run `npm fund` for details

11 vulnerabilities (10 low, 1 moderate)

To address all issues possible (including breaking changes), run:
  npm audit fix --force

Some issues need review, and may require choosing
a different dependency.

Run `npm audit` for details.
Deploying ERC721 NFT contracts...
Creature ERC721 deployed to: 0x4826533B4897376654Bb4d4AD88B7faFD0C98528
ERC721 deployment completed successfully!
npm warn EBADENGINE Unsupported engine {
npm warn EBADENGINE   package: '@opensea/seaport-js@4.0.4',
npm warn EBADENGINE   required: { node: '>=20.0.0' },
npm warn EBADENGINE   current: { node: 'v18.20.8', npm: '10.8.2' }
npm warn EBADENGINE }
npm warn EBADENGINE Unsupported engine {
npm warn EBADENGINE   package: 'bgipfs@0.0.12',
npm warn EBADENGINE   required: { node: '>=20.0.0' },
npm warn EBADENGINE   current: { node: 'v18.20.8', npm: '10.8.2' }
npm warn EBADENGINE }
npm warn EBADENGINE Unsupported engine {
npm warn EBADENGINE   package: 'got@14.4.7',
npm warn EBADENGINE   required: { node: '>=20' },
npm warn EBADENGINE   current: { node: 'v18.20.8', npm: '10.8.2' }
npm warn EBADENGINE }
npm warn EBADENGINE Unsupported engine {
npm warn EBADENGINE   package: 'opensea-js@7.1.18',
npm warn EBADENGINE   required: { node: '>=20.0.0' },
npm warn EBADENGINE   current: { node: 'v18.20.8', npm: '10.8.2' }
npm warn EBADENGINE }

> se-2@0.0.1 postinstall
> husky


up to date, audited 4746 packages in 7s

448 packages are looking for funding
  run `npm fund` for details

11 vulnerabilities (10 low, 1 moderate)

To address all issues possible (including breaking changes), run:
  npm audit fix --force

Some issues need review, and may require choosing
a different dependency.

Run `npm audit` for details.
Deploying ERC721 NFT contracts...
Creature ERC721 deployed to: 0x0E801D84Fa97b50751Dbf25036d067dCf18858bF
ERC721 deployment completed successfully!
npm warn EBADENGINE Unsupported engine {
npm warn EBADENGINE   package: '@opensea/seaport-js@4.0.4',
npm warn EBADENGINE   required: { node: '>=20.0.0' },
npm warn EBADENGINE   current: { node: 'v18.20.8', npm: '10.8.2' }
npm warn EBADENGINE }
npm warn EBADENGINE Unsupported engine {
npm warn EBADENGINE   package: 'bgipfs@0.0.12',
npm warn EBADENGINE   required: { node: '>=20.0.0' },
npm warn EBADENGINE   current: { node: 'v18.20.8', npm: '10.8.2' }
npm warn EBADENGINE }
npm warn EBADENGINE Unsupported engine {
npm warn EBADENGINE   package: 'got@14.4.7',
npm warn EBADENGINE   required: { node: '>=20' },
npm warn EBADENGINE   current: { node: 'v18.20.8', npm: '10.8.2' }
npm warn EBADENGINE }
npm warn EBADENGINE Unsupported engine {
npm warn EBADENGINE   package: 'opensea-js@7.1.18',
npm warn EBADENGINE   required: { node: '>=20.0.0' },
npm warn EBADENGINE   current: { node: 'v18.20.8', npm: '10.8.2' }
npm warn EBADENGINE }

> se-2@0.0.1 postinstall
> husky


up to date, audited 4746 packages in 11s

448 packages are looking for funding
  run `npm fund` for details

11 vulnerabilities (10 low, 1 moderate)

To address all issues possible (including breaking changes), run:
  npm audit fix --force

Some issues need review, and may require choosing
a different dependency.

Run `npm audit` for details.
Deploying ERC721 NFT contracts...
Creature ERC721 deployed to: 0x5FbDB2315678afecb367f032d93F642f64180aa3
ERC721 deployment completed successfully!
npm warn EBADENGINE Unsupported engine {
npm warn EBADENGINE   package: '@opensea/seaport-js@4.0.4',
npm warn EBADENGINE   required: { node: '>=20.0.0' },
npm warn EBADENGINE   current: { node: 'v18.20.8', npm: '10.8.2' }
npm warn EBADENGINE }
npm warn EBADENGINE Unsupported engine {
npm warn EBADENGINE   package: 'bgipfs@0.0.12',
npm warn EBADENGINE   required: { node: '>=20.0.0' },
npm warn EBADENGINE   current: { node: 'v18.20.8', npm: '10.8.2' }
npm warn EBADENGINE }
npm warn EBADENGINE Unsupported engine {
npm warn EBADENGINE   package: 'got@14.4.7',
npm warn EBADENGINE   required: { node: '>=20' },
npm warn EBADENGINE   current: { node: 'v18.20.8', npm: '10.8.2' }
npm warn EBADENGINE }
npm warn EBADENGINE Unsupported engine {
npm warn EBADENGINE   package: 'opensea-js@7.1.18',
npm warn EBADENGINE   required: { node: '>=20.0.0' },
npm warn EBADENGINE   current: { node: 'v18.20.8', npm: '10.8.2' }
npm warn EBADENGINE }

> se-2@0.0.1 postinstall
> husky


added 20 packages, removed 128 packages, changed 2 packages, and audited 5399 packages in 14s

452 packages are looking for funding
  run `npm fund` for details

11 vulnerabilities (10 low, 1 moderate)

To address all issues possible (including breaking changes), run:
  npm audit fix --force

Some issues need review, and may require choosing
a different dependency.

Run `npm audit` for details.
Deploying ERC721 NFT contracts...
Creature ERC721 deployed to: 0x5FbDB2315678afecb367f032d93F642f64180aa3
ERC721 deployment completed successfully!
npm warn EBADENGINE Unsupported engine {
npm warn EBADENGINE   package: '@opensea/seaport-js@4.0.4',
npm warn EBADENGINE   required: { node: '>=20.0.0' },
npm warn EBADENGINE   current: { node: 'v18.20.8', npm: '10.8.2' }
npm warn EBADENGINE }
npm warn EBADENGINE Unsupported engine {
npm warn EBADENGINE   package: 'bgipfs@0.0.12',
npm warn EBADENGINE   required: { node: '>=20.0.0' },
npm warn EBADENGINE   current: { node: 'v18.20.8', npm: '10.8.2' }
npm warn EBADENGINE }
npm warn EBADENGINE Unsupported engine {
npm warn EBADENGINE   package: 'got@14.4.7',
npm warn EBADENGINE   required: { node: '>=20' },
npm warn EBADENGINE   current: { node: 'v18.20.8', npm: '10.8.2' }
npm warn EBADENGINE }
npm warn EBADENGINE Unsupported engine {
npm warn EBADENGINE   package: 'opensea-js@7.1.18',
npm warn EBADENGINE   required: { node: '>=20.0.0' },
npm warn EBADENGINE   current: { node: 'v18.20.8', npm: '10.8.2' }
npm warn EBADENGINE }

> se-2@0.0.1 postinstall
> husky


up to date, audited 4587 packages in 11s

447 packages are looking for funding
  run `npm fund` for details

11 vulnerabilities (10 low, 1 moderate)

To address all issues possible (including breaking changes), run:
  npm audit fix --force

Some issues need review, and may require choosing
a different dependency.

Run `npm audit` for details.
Deploying ERC721 NFT contracts...
Creature ERC721 deployed to: 0x5FbDB2315678afecb367f032d93F642f64180aa3
ERC721 deployment completed successfully!
